Archive member included to satisfy reference by file (symbol)

C:/devkitPro/libogc/lib/wii\libwiiuse.a(wpad.o)
                              template.o (WPAD_Init)
C:/devkitPro/libogc/lib/wii\libwiiuse.a(motion_plus.o)
                              C:/devkitPro/libogc/lib/wii\libwiiuse.a(wpad.o) (wiiuse_set_motion_plus)
C:/devkitPro/libogc/lib/wii\libwiiuse.a(dynamics.o)
                              C:/devkitPro/libogc/lib/wii\libwiiuse.a(wpad.o) (calculate_gforce)
C:/devkitPro/libogc/lib/wii\libwiiuse.a(io.o)
                              C:/devkitPro/libogc/lib/wii\libwiiuse.a(motion_plus.o) (wiiuse_disable_expansion)
C:/devkitPro/libogc/lib/wii\libwiiuse.a(io_wii.o)
                              C:/devkitPro/libogc/lib/wii\libwiiuse.a(wpad.o) (__wiiuse_sensorbar_enable)
C:/devkitPro/libogc/lib/wii\libwiiuse.a(ir.o)
                              C:/devkitPro/libogc/lib/wii\libwiiuse.a(motion_plus.o) (wiiuse_set_ir_mode)
C:/devkitPro/libogc/lib/wii\libwiiuse.a(nunchuk.o)
                              C:/devkitPro/libogc/lib/wii\libwiiuse.a(io.o) (nunchuk_handshake)
C:/devkitPro/libogc/lib/wii\libwiiuse.a(wiiboard.o)
                              C:/devkitPro/libogc/lib/wii\libwiiuse.a(io.o) (wii_board_handshake)
C:/devkitPro/libogc/lib/wii\libwiiuse.a(wiiuse.o)
                              C:/devkitPro/libogc/lib/wii\libwiiuse.a(wpad.o) (wiiuse_init)
C:/devkitPro/libogc/lib/wii\libwiiuse.a(speaker.o)
                              C:/devkitPro/libogc/lib/wii\libwiiuse.a(wpad.o) (wencdata)
C:/devkitPro/libogc/lib/wii\libwiiuse.a(classic.o)
                              C:/devkitPro/libogc/lib/wii\libwiiuse.a(io.o) (classic_ctrl_handshake)
C:/devkitPro/libogc/lib/wii\libwiiuse.a(events.o)
                              C:/devkitPro/libogc/lib/wii\libwiiuse.a(io_wii.o) (parse_event)
C:/devkitPro/libogc/lib/wii\libwiiuse.a(guitar_hero_3.o)
                              C:/devkitPro/libogc/lib/wii\libwiiuse.a(io.o) (guitar_hero_3_handshake)
C:/devkitPro/libogc/lib/wii\libbte.a(bte.o)
                              C:/devkitPro/libogc/lib/wii\libwiiuse.a(wpad.o) (BTE_Init)
C:/devkitPro/libogc/lib/wii\libbte.a(hci.o)
                              C:/devkitPro/libogc/lib/wii\libbte.a(bte.o) (hci_init)
C:/devkitPro/libogc/lib/wii\libbte.a(l2cap.o)
                              C:/devkitPro/libogc/lib/wii\libbte.a(bte.o) (l2cap_init)
C:/devkitPro/libogc/lib/wii\libbte.a(btmemb.o)
                              C:/devkitPro/libogc/lib/wii\libbte.a(bte.o) (btmemb_init)
C:/devkitPro/libogc/lib/wii\libbte.a(btmemr.o)
                              C:/devkitPro/libogc/lib/wii\libbte.a(hci.o) (btmemr_init)
C:/devkitPro/libogc/lib/wii\libbte.a(btpbuf.o)
                              C:/devkitPro/libogc/lib/wii\libbte.a(hci.o) (btpbuf_init)
C:/devkitPro/libogc/lib/wii\libbte.a(physbusif.o)
                              C:/devkitPro/libogc/lib/wii\libbte.a(bte.o) (physbusif_init)
C:/devkitPro/libogc/lib/wii\libogc.a(console.o)
                              template.o (CON_Init)
C:/devkitPro/libogc/lib/wii\libogc.a(lwp_queue.o)
                              C:/devkitPro/libogc/lib/wii\libwiiuse.a(io_wii.o) (__lwp_queue_initialize)
C:/devkitPro/libogc/lib/wii\libogc.a(lwp_threads.o)
                              C:/devkitPro/libogc/lib/wii\libwiiuse.a(wpad.o) (_thread_dispatch_disable_level)
C:/devkitPro/libogc/lib/wii\libogc.a(lwp.o)
                              C:/devkitPro/libogc/lib/wii\libwiiuse.a(wpad.o) (LWP_CreateThread)
C:/devkitPro/libogc/lib/wii\libogc.a(lwp_handler.o)
                              C:/devkitPro/libogc/lib/wii\libogc.a(lwp_threads.o) (_cpu_context_save_fp)
C:/devkitPro/libogc/lib/wii\libogc.a(lwp_stack.o)
                              C:/devkitPro/libogc/lib/wii\libogc.a(lwp_threads.o) (__lwp_stack_allocate)
C:/devkitPro/libogc/lib/wii\libogc.a(lwp_watchdog.o)
                              C:/devkitPro/libogc/lib/wii\libogc.a(lwp_threads.o) (_wd_ticks_queue)
C:/devkitPro/libogc/lib/wii\libogc.a(lwp_wkspace.o)
                              C:/devkitPro/libogc/lib/wii\libwiiuse.a(motion_plus.o) (__wkspace_heap)
C:/devkitPro/libogc/lib/wii\libogc.a(lwp_objmgr.o)
                              C:/devkitPro/libogc/lib/wii\libogc.a(lwp.o) (__lwp_objmgr_initinfo)
C:/devkitPro/libogc/lib/wii\libogc.a(lwp_heap.o)
                              C:/devkitPro/libogc/lib/wii\libogc.a(lwp_wkspace.o) (__lwp_heap_init)
C:/devkitPro/libogc/lib/wii\libogc.a(sys_state.o)
                              C:/devkitPro/libogc/lib/wii\libogc.a(lwp_threads.o) (_sys_state_curr)
C:/devkitPro/libogc/lib/wii\libogc.a(irq.o)
                              C:/devkitPro/libogc/lib/wii\libwiiuse.a(io_wii.o) (IRQ_Disable)
C:/devkitPro/libogc/lib/wii\libogc.a(semaphore.o)
                              C:/devkitPro/libogc/lib/wii\libwiiuse.a(wpad.o) (LWP_SemInit)
C:/devkitPro/libogc/lib/wii\libogc.a(video.o)
[...]
Memory Configuration

Name             Origin             Length             Attributes
*default*        0x00000000         0xffffffff

Linker script and memory map

                0x00003400                        . = 0x3400

.stub
 *(.stub)
                0x80004000                        . = 0x80004000

.init           0x80004000      0x194
 *crt0.o(*.init)
 .init          0x80004000      0x170 C:/devkitPro/libogc/lib/wii\libogc.a(ogc_crt0.o)
                0x80004000                _start
                0x80004140                _memset
 *(.init)
 .init          0x80004170        0xc C:/devkitPro/devkitPPC/bin/../lib/gcc/powerpc-eabi/15.1.0/ecrti.o
                0x80004170                __init
 .init          0x8000417c        0x4 C:/devkitPro/devkitPPC/bin/../lib/gcc/powerpc-eabi/15.1.0/crtbegin.o
 .init          0x80004180        0x4 C:/devkitPro/devkitPPC/bin/../lib/gcc/powerpc-eabi/15.1.0/crtend.o
 .init          0x80004184       0x10 C:/devkitPro/devkitPPC/bin/../lib/gcc/powerpc-eabi/15.1.0/ecrtn.o

.rela.dyn       0x80004194        0x0
 .rela.iplt     0x80004194        0x0 C:/devkitPro/devkitPPC/bin/../lib/gcc/powerpc-eabi/15.1.0/crtbegin.o

.plt
 *(.plt)

.interp
 *(.interp)

.hash
 *(.hash)

.dynsym
 *(.dynsym)

.dynstr
 *(.dynstr)

.gnu.version
 *(.gnu.version)

.gnu.version_d
 *(.gnu.version_d)

.gnu.version_r
 *(.gnu.version_r)

.rel.init
 *(.rel.init)

.rela.init
 *(.rela.init)

.rel.text
 *(.rel.text .rel.text.* .rel.gnu.linkonce.t.*)

.rela.text      0x80004194        0x0
 *(.rela.text .rela.text.* .rela.gnu.linkonce.t.*)
 .rela.text.__do_global_dtors_aux
                0x80004194        0x0 C:/devkitPro/devkitPPC/bin/../lib/gcc/powerpc-eabi/15.1.0/crtbegin.o
 .rela.text.frame_dummy
                0x80004194        0x0 C:/devkitPro/devkitPPC/bin/../lib/gcc/powerpc-eabi/15.1.0/crtbegin.o
 .rela.text.unlikely.abort
                0x80004194        0x0 C:/devkitPro/devkitPPC/bin/../lib/gcc/powerpc-eabi/15.1.0/crtbegin.o
 .rela.text.__assert_func
                0x80004194        0x0 C:/devkitPro/devkitPPC/bin/../lib/gcc/powerpc-eabi/15.1.0/crtbegin.o

.rel.fini
 *(.rel.fini)

.rela.fini
 *(.rela.fini)

.rel.rodata
 *(.rel.rodata .rel.rodata.* .rel.gnu.linkonce.r.*)

.rela.rodata
 *(.rela.rodata .rela.rodata.* .rela.gnu.linkonce.r.*)

.rel.data
 *(.rel.data .rel.data.* .rel.gnu.linkonce.d.*)

.rela.data
 *(.rela.data .rela.data.* .rela.gnu.linkonce.d.*)

.rel.tdata
 *(.rel.tdata .rel.tdata.* .rel.gnu.linkonce.td.*)

.rela.tdata
 *(.rela.tdata .rela.tdata.* .rela.gnu.linkonce.td.*)

.rel.tbss
 *(.rel.tbss .rel.tbss.* .rel.gnu.linkonce.tb.*)

.rela.tbss
 *(.rela.tbss .rela.tbss.* .rela.gnu.linkonce.tb.*)

.rel.ctors
 *(.rel.ctors)

.rela.ctors
 *(.rela.ctors)

.rel.dtors
 *(.rel.dtors)

.rela.dtors
 *(.rela.dtors)

.rel.got
 *(.rel.got)

.rela.got
 *(.rela.got)

.rela.got1
 *(.rela.got1)

.rela.got2
 *(.rela.got2)

.rel.sdata
 *(.rel.sdata .rel.sdata.* .rel.gnu.linkonce.s.*)

.rela.sdata
 *(.rela.sdata .rela.sdata.* .rela.gnu.linkonce.s.*)

.rel.sbss
 *(.rel.sbss .rel.sbss.* .rel.gnu.linkonce.sb.*)

.rela.sbss
 *(.rela.sbss .rela.sbss.* .rel.gnu.linkonce.sb.*)

.rel.sdata2
 *(.rel.sdata2 .rel.sdata2.* .rel.gnu.linkonce.s2.*)

.rela.sdata2
 *(.rela.sdata2 .rela.sdata2.* .rela.gnu.linkonce.s2.*)

.rel.sbss2
 *(.rel.sbss2 .rel.sbss2.* .rel.gnu.linkonce.sb2.*)

.rela.sbss2
 *(.rela.sbss2 .rela.sbss2.* .rela.gnu.linkonce.sb2.*)

.rel.bss
 *(.rel.bss .rel.bss.* .rel.gnu.linkonce.b.*)

.rela.bss
 *(.rela.bss .rela.bss.* .rela.gnu.linkonce.b.*)

.rel.plt
 *(.rel.plt)

.rela.plt
 *(.rela.plt)

.text           0x800041a0    0x416e0
 *(.text)
 .text          0x800041a0      0x44c C:/devkitPro/libogc/lib/wii\libogc.a(lwp_handler.o)
                0x800041a0                _cpu_context_save_fp
                0x800042e0                _cpu_context_restore_fp
                0x80004420                _cpu_context_switch
                0x80004500                _cpu_context_save
                0x80004580                _cpu_context_restore
 .text          0x800045ec      0x46c C:/devkitPro/libogc/lib/wii\libogc.a(system_asm.o)
                0x800045ec                __realmode
                0x80004604                __configBATS
                0x80004734                __InitFPRS
                0x80004860                __InitPS
                0x800048bc                __InitCache
                0x80004914                __InitSystem
                0x8000499c                __reset
                0x80004a0c                __InitBATS
                0x80004a28                SYS_SwitchFiber
 .text          0x80004a58      0x1ac C:/devkitPro/libogc/lib/wii\libogc.a(irq_handler.o)
                0x80004a58                irq_exceptionhandler
 .text          0x80004c04      0x4f4 C:/devkitPro/libogc/lib/wii\libogc.a(cache_asm.o)
                0x80004c04                DCFlashInvalidate
                0x80004c18                DCEnable
                0x80004c2c                DCDisable
                0x80004c40                DCFreeze
                0x80004c54                DCUnfreeze
                0x80004c68                DCTouchLoad
                0x80004c70                DCBlockZero
                0x80004c78                DCBlockStore
                0x80004c80                DCBlockFlush
                0x80004c88                DCBlockInvalidate
                0x80004c90                DCInvalidateRange
                0x80004cc0                DCFlushRange
                0x80004cf4                DCStoreRange
                0x80004d28                DCFlushRangeNoSync
                0x80004d58                DCStoreRangeNoSync
                0x80004d88                DCZeroRange
                0x80004db8                DCTouchRange
                0x80004de8                ICInvalidateRange
                0x80004e20                ICFlashInvalidate
                0x80004e34                ICEnable
                0x80004e48                ICDisable
                0x80004e5c                ICFreeze
                0x80004e70                ICUnfreeze
                0x80004e84                ICBlockInvalidate
                0x80004e8c                ICSync
                0x80004e94                L2Init
                0x80004edc                L2Enable
                0x80004ef8                L2Disable
                0x80004f10                L2GlobalInvalidate
                0x80004f68                __LCEnable
                0x80005034                LCDisable
                0x8000505c                LCAllocOneTag
                0x80005070                LCAllocTags
                0x800050b0                LCLoadBlocks
                0x800050d4                LCStoreBlocks
 .text          0x800050f8      0x1ac C:/devkitPro/libogc/lib/wii\libogc.a(decrementer_handler.o)
                0x800050f8                dec_exceptionhandler
 .text          0x800052a4      0x35c C:/devkitPro/libogc/lib/wii\libogc.a(exception_handler.o)
                0x800052a4                exceptionhandler_start
                0x80005320                exceptionhandler_patch
                0x80005354                exceptionhandler_end
                0x80005358                default_exceptionhandler
                0x80005488                fpu_exceptionhandler
                0x800055d0                systemcallhandler_start
                0x800055fc                systemcallhandler_end
 .text          0x80005600       0x48 C:/devkitPro/devkitPPC/bin/../lib/gcc/powerpc-eabi/15.1.0\libgcc.a(eabi.o)
                0x80005600                __eabi
 .text          0x80005648       0x58 C:/devkitPro/devkitPPC/bin/../lib/gcc/powerpc-eabi/15.1.0\libgcc.a(crtresxgpr.o)
                0x80005648                _restgpr_14_x
                0x8000564c                _restgpr_15_x
                0x80005650                _restgpr_16_x
                0x80005654                _restgpr_17_x
                0x80005658                _restgpr_18_x
                0x8000565c                _restgpr_19_x
                0x80005660                _restgpr_20_x
                0x80005664                _restgpr_21_x
                0x80005668                _restgpr_22_x
                0x8000566c                _restgpr_23_x
                0x80005670                _restgpr_24_x
                0x80005674                _restgpr_25_x
                0x80005678                _restgpr_26_x
                0x8000567c                _restgpr_27_x
                0x80005680                _restgpr_28_x
                0x80005684                _restgpr_29_x
                0x80005688                _restgpr_30_x
                0x8000568c                _restgpr_31_x
 *(.text.*)
 .text.__do_global_dtors_aux
                0x800056a0       0xcc C:/devkitPro/devkitPPC/bin/../lib/gcc/powerpc-eabi/15.1.0/crtbegin.o
 .text.frame_dummy
                0x8000576c       0x24 C:/devkitPro/devkitPPC/bin/../lib/gcc/powerpc-eabi/15.1.0/crtbegin.o
 .text.__crtmain
                0x80005790       0x40 C:/devkitPro/devkitPPC/bin/../lib/gcc/powerpc-eabi/15.1.0/../../../../powerpc-eabi/lib/crtmain.o
                0x80005794                __crtmain
 .text.startup.main
                0x800057d0       0xf0 template.o
                0x800057d0                main
 .text.__wpad_setevtfilter_finished
                0x800058c0       0x74 C:/devkitPro/libogc/lib/wii\libwiiuse.a(wpad.o)
 .text.__wpad_disconnectCB
                0x80005934      0x1bc C:/devkitPro/libogc/lib/wii\libwiiuse.a(wpad.o)
                0x80005934                __wpad_disconnectCB
 .text.__wpad_hostsyncbuttonCB
                0x80005af0       0x90 C:/devkitPro/libogc/lib/wii\libwiiuse.a(wpad.o)
 .text.__wpad_assign_slot
                0x80005b80      0x188 C:/devkitPro/libogc/lib/wii\libwiiuse.a(wpad.o)
                0x80005b80                __wpad_assign_slot
 .text.__wpad_register_new
                0x80005d08      0x46c C:/devkitPro/libogc/lib/wii\libwiiuse.a(wpad.o)
                0x80005d08                __wpad_register_new
 .text.__wpad_def_powcb
                0x80006174        0x4 C:/devkitPro/libogc/lib/wii\libwiiuse.a(wpad.o)
 .text.__wpad_read_remote_name_finished
                0x80006178      0x274 C:/devkitPro/libogc/lib/wii\libwiiuse.a(wpad.o)
                0x80006178                __wpad_read_remote_name_finished
 .text.__wpad_inquiry_finished
                0x800063ec      0x124 C:/devkitPro/libogc/lib/wii\libwiiuse.a(wpad.o)
                0x800063ec                __wpad_inquiry_finished
 .text.__wpad_confsave_thread_func
                0x80006510       0x58 C:/devkitPro/libogc/lib/wii\libwiiuse.a(wpad.o)
 .text.__initcore_finished
                0x80006568       0xa4 C:/devkitPro/libogc/lib/wii\libwiiuse.a(wpad.o)
 .text.__readlinkkey_finished
                0x8000660c      0x138 C:/devkitPro/libogc/lib/wii\libwiiuse.a(wpad.o)
 .text.__wpad_patch_finished
                0x80006744       0x90 C:/devkitPro/libogc/lib/wii\libwiiuse.a(wpad.o)
 .text.__wpad_init_finished
                0x800067d4       0x9c C:/devkitPro/libogc/lib/wii\libwiiuse.a(wpad.o)
 .text.__wpad_linkkeynotCB
                0x80006870      0x320 C:/devkitPro/libogc/lib/wii\libwiiuse.a(wpad.o)
 .text.__wpad_linkkeyreqCB
                0x80006b90      0x16c C:/devkitPro/libogc/lib/wii\libwiiuse.a(wpad.o)
 .text.__wpad_connreqCB
                0x80006cfc      0x370 C:/devkitPro/libogc/lib/wii\libwiiuse.a(wpad.o)
 .text.__wpad_setfmt
                0x8000706c      0x14c C:/devkitPro/libogc/lib/wii\libwiiuse.a(wpad.o)
 .text.__wpad_eventCB
                0x800071b8      0xbf4 C:/devkitPro/libogc/lib/wii\libwiiuse.a(wpad.o)
 .text.__wpad_timeouthandler
                0x80007dac       0xfc C:/devkitPro/libogc/lib/wii\libwiiuse.a(wpad.o)
 .text.WPAD_WipeSavedControllers
                0x80007ea8      0x140 C:/devkitPro/libogc/lib/wii\libwiiuse.a(wpad.o)
                0x80007ea8                WPAD_WipeSavedControllers
 .text.__wpad_def_hostsynccb
                0x80007fe8       0x78 C:/devkitPro/libogc/lib/wii\libwiiuse.a(wpad.o)
 .text.WPAD_ReadEvent
                0x80008060      0x6a8 C:/devkitPro/libogc/lib/wii\libwiiuse.a(wpad.o)
                0x80008060                WPAD_ReadEvent
 .text.WPAD_ReadPending
                0x80008708      0x1b4 C:/devkitPro/libogc/lib/wii\libwiiuse.a(wpad.o)
                0x80008708                WPAD_ReadPending
 .text.WPAD_Shutdown
                0x800088bc      0x134 C:/devkitPro/libogc/lib/wii\libwiiuse.a(wpad.o)
                0x800088bc                WPAD_Shutdown
 .text.WPAD_Init
                0x800089f0      0x360 C:/devkitPro/libogc/lib/wii\libwiiuse.a(wpad.o)
                0x800089f0                WPAD_Init
 .text.__wpad_onreset
                0x80008d50       0x34 C:/devkitPro/libogc/lib/wii\libwiiuse.a(wpad.o)
 .text.WPAD_ScanPads
                0x80008d84       0x7c C:/devkitPro/libogc/lib/wii\libwiiuse.a(wpad.o)
                0x80008d84                WPAD_ScanPads
 .text.WPAD_ButtonsDown
                0x80008e00       0x28 C:/devkitPro/libogc/lib/wii\libwiiuse.a(wpad.o)
                0x80008e00                WPAD_ButtonsDown
 .text.motion_plus_disconnected
                0x80008e28       0x10 C:/devkitPro/libogc/lib/wii\libwiiuse.a(motion_plus.o)
                0x80008e28                motion_plus_disconnected
 .text.motion_plus_event
                0x80008e38       0x64 C:/devkitPro/libogc/lib/wii\libwiiuse.a(motion_plus.o)
                0x80008e38                motion_plus_event
 .text.calculate_gforce
                0x80008e9c      0x114 C:/devkitPro/libogc/lib/wii\libwiiuse.a(dynamics.o)
                0x80008e9c                calculate_gforce
 .text.calc_joystick_state
                0x80008fb0      0x208 C:/devkitPro/libogc/lib/wii\libwiiuse.a(dynamics.o)
                0x80008fb0                calc_joystick_state
 .text.apply_smoothing
                0x800091b8      0x110 C:/devkitPro/libogc/lib/wii\libwiiuse.a(dynamics.o)
                0x800091b8                apply_smoothing
 .text.calculate_orientation
                0x800092c8      0x360 C:/devkitPro/libogc/lib/wii\libwiiuse.a(dynamics.o)
                0x800092c8                calculate_orientation
 .text.calc_balanceboard_state
                0x80009628      0x3a4 C:/devkitPro/libogc/lib/wii\libwiiuse.a(dynamics.o)
                0x80009628                calc_balanceboard_state
 .text.wiiuse_handshake
                0x800099cc      0x24c C:/devkitPro/libogc/lib/wii\libwiiuse.a(io.o)
                0x800099cc                wiiuse_handshake
 .text.wiiuse_handshake_expansion
                0x80009c18      0x214 C:/devkitPro/libogc/lib/wii\libwiiuse.a(io.o)
                0x80009c18                wiiuse_handshake_expansion
 .text.wiiuse_handshake_expansion_start
                0x80009e2c       0x5c C:/devkitPro/libogc/lib/wii\libwiiuse.a(io.o)
                0x80009e2c                wiiuse_handshake_expansion_start
 .text.wiiuse_disable_expansion
                0x80009e88      0x1b0 C:/devkitPro/libogc/lib/wii\libwiiuse.a(io.o)
                0x80009e88                wiiuse_disable_expansion
 .text.__wiiuse_accept_step2
                0x8000a038       0x5c C:/devkitPro/libogc/lib/wii\libwiiuse.a(io_wii.o)
 .text.__wiiuse_connected
                0x8000a094       0xac C:/devkitPro/libogc/lib/wii\libwiiuse.a(io_wii.o)
 .text.__wiiuse_disconnected
                0x8000a140       0xc8 C:/devkitPro/libogc/lib/wii\libwiiuse.a(io_wii.o)
 .text.__wiiuse_receive
                0x8000a208       0xc4 C:/devkitPro/libogc/lib/wii\libwiiuse.a(io_wii.o)
 .text.__wiiuse_connect_step2
                0x8000a2cc       0x5c C:/devkitPro/libogc/lib/wii\libwiiuse.a(io_wii.o)
 .text.__wiiuse_sensorbar_enable
                0x8000a328       0x74 C:/devkitPro/libogc/lib/wii\libwiiuse.a(io_wii.o)
                0x8000a328                __wiiuse_sensorbar_enable
 .text.wiiuse_accept
                0x8000a39c      0x15c C:/devkitPro/libogc/lib/wii\libwiiuse.a(io_wii.o)
                0x8000a39c                wiiuse_accept
 .text.wiiuse_connect
                0x8000a4f8      0x15c C:/devkitPro/libogc/lib/wii\libwiiuse.a(io_wii.o)
                0x8000a4f8                wiiuse_connect
 .text.wiiuse_disconnect
                0x8000a654       0x50 C:/devkitPro/libogc/lib/wii\libwiiuse.a(io_wii.o)
                0x8000a654                wiiuse_disconnect
 .text.wiiuse_init_cmd_queue
                0x8000a6a4       0xa4 C:/devkitPro/libogc/lib/wii\libwiiuse.a(io_wii.o)
                0x8000a6a4                wiiuse_init_cmd_queue
 .text.wiiuse_io_write
                0x8000a748       0x1c C:/devkitPro/libogc/lib/wii\libwiiuse.a(io_wii.o)
                0x8000a748                wiiuse_io_write
 .text.rotate_dots
                0x8000a764      0x134 C:/devkitPro/libogc/lib/wii\libwiiuse.a(ir.o)
 .text.wiiuse_set_ir_mode
                0x8000a898       0x5c C:/devkitPro/libogc/lib/wii\libwiiuse.a(ir.o)
                0x8000a898                wiiuse_set_ir_mode
 .text.wiiuse_set_ir
                0x8000a8f4      0x26c C:/devkitPro/libogc/lib/wii\libwiiuse.a(ir.o)
                0x8000a8f4                wiiuse_set_ir
 .text.wiiuse_set_ir_position
                0x8000ab60       0x80 C:/devkitPro/libogc/lib/wii\libwiiuse.a(ir.o)
                0x8000ab60                wiiuse_set_ir_position
 .text.wiiuse_set_aspect_ratio
                0x8000abe0       0xac C:/devkitPro/libogc/lib/wii\libwiiuse.a(ir.o)
                0x8000abe0                wiiuse_set_aspect_ratio
 .text.wiiuse_set_ir_sensitivity
                0x8000ac8c      0x190 C:/devkitPro/libogc/lib/wii\libwiiuse.a(ir.o)
                0x8000ac8c                wiiuse_set_ir_sensitivity
 .text.calculate_basic_ir
                0x8000ae1c       0xe8 C:/devkitPro/libogc/lib/wii\libwiiuse.a(ir.o)
                0x8000ae1c                calculate_basic_ir
 .text.calculate_extended_ir
                0x8000af04       0x64 C:/devkitPro/libogc/lib/wii\libwiiuse.a(ir.o)
                0x8000af04                calculate_extended_ir
 .text.find_sensorbar
                0x8000af68      0xb00 C:/devkitPro/libogc/lib/wii\libwiiuse.a(ir.o)
                0x8000af68                find_sensorbar
 .text.apply_ir_smoothing
                0x8000ba68      0x120 C:/devkitPro/libogc/lib/wii\libwiiuse.a(ir.o)
                0x8000ba68                apply_ir_smoothing
 .text.interpret_ir_data
                0x8000bb88      0x3d0 C:/devkitPro/libogc/lib/wii\libwiiuse.a(ir.o)
                0x8000bb88                interpret_ir_data
 .text.nunchuk_handshake
                0x8000bf58      0x360 C:/devkitPro/libogc/lib/wii\libwiiuse.a(nunchuk.o)
                0x8000bf58                nunchuk_handshake
 .text.nunchuk_disconnected
                0x8000c2b8        0xc C:/devkitPro/libogc/lib/wii\libwiiuse.a(nunchuk.o)
                0x8000c2b8                nunchuk_disconnected
 .text.nunchuk_event
                0x8000c2c4       0xe8 C:/devkitPro/libogc/lib/wii\libwiiuse.a(nunchuk.o)
                0x8000c2c4                nunchuk_event
 .text.wii_board_handshake
                0x8000c3ac      0x28c C:/devkitPro/libogc/lib/wii\libwiiuse.a(wiiboard.o)
                0x8000c3ac                wii_board_handshake
 .text.wii_board_disconnected
                0x8000c638        0xc C:/devkitPro/libogc/lib/wii\libwiiuse.a(wiiboard.o)
                0x8000c638                wii_board_disconnected
 .text.wii_board_event
                0x8000c644       0x24 C:/devkitPro/libogc/lib/wii\libwiiuse.a(wiiboard.o)
                0x8000c644                wii_board_event
 .text.wiiuse_send_next_command
                0x8000c668       0x58 C:/devkitPro/libogc/lib/wii\libwiiuse.a(wiiuse.o)
                0x8000c668                wiiuse_send_next_command
 .text.wiiuse_init
                0x8000c6c0      0x1fc C:/devkitPro/libogc/lib/wii\libwiiuse.a(wiiuse.o)
                0x8000c6c0                wiiuse_init
 .text.wiiuse_set_flags
                0x8000c8bc       0x28 C:/devkitPro/libogc/lib/wii\libwiiuse.a(wiiuse.o)
                0x8000c8bc                wiiuse_set_flags
 .text.wiiuse_read_data
                0x8000c8e4      0x12c C:/devkitPro/libogc/lib/wii\libwiiuse.a(wiiuse.o)
                0x8000c8e4                wiiuse_read_data
 .text.wiiuse_write_data
                0x8000ca10      0x160 C:/devkitPro/libogc/lib/wii\libwiiuse.a(wiiuse.o)
                0x8000ca10                wiiuse_write_data
 .text.wiiuse_sendcmd
                0x8000cb70      0x14c C:/devkitPro/libogc/lib/wii\libwiiuse.a(wiiuse.o)
                0x8000cb70                wiiuse_sendcmd
 .text.wiiuse_set_leds
                0x8000ccbc       0x50 C:/devkitPro/libogc/lib/wii\libwiiuse.a(wiiuse.o)
                0x8000ccbc                wiiuse_set_leds
 .text.wiiuse_set_report_type
                0x8000cd0c       0xb4 C:/devkitPro/libogc/lib/wii\libwiiuse.a(wiiuse.o)
                0x8000cd0c                wiiuse_set_report_type
 .text.wiiuse_status
                0x8000cdc0       0x4c C:/devkitPro/libogc/lib/wii\libwiiuse.a(wiiuse.o)
                0x8000cdc0                wiiuse_status
 .text.wiiuse_motion_sensing
                0x8000ce0c       0x84 C:/devkitPro/libogc/lib/wii\libwiiuse.a(wiiuse.o)
                0x8000ce0c                wiiuse_motion_sensing
 .text.wiiuse_set_speaker
                0x8000ce90      0x258 C:/devkitPro/libogc/lib/wii\libwiiuse.a(speaker.o)
                0x8000ce90                wiiuse_set_speaker
 .text.classic_ctrl_pressed_buttons
                0x8000d0e8       0x4c C:/devkitPro/libogc/lib/wii\libwiiuse.a(classic.o)
 .text.classic_ctrl_handshake
                0x8000d134      0x460 C:/devkitPro/libogc/lib/wii\libwiiuse.a(classic.o)
                0x8000d134                classic_ctrl_handshake
 .text.classic_ctrl_disconnected
                0x8000d594        0xc C:/devkitPro/libogc/lib/wii\libwiiuse.a(classic.o)
                0x8000d594                classic_ctrl_disconnected
 .text.classic_ctrl_event
                0x8000d5a0      0x19c C:/devkitPro/libogc/lib/wii\libwiiuse.a(classic.o)
                0x8000d5a0                classic_ctrl_event
 .text.handle_expansion
                0x8000d73c       0x54 C:/devkitPro/libogc/lib/wii\libwiiuse.a(events.o)
 .text.parse_event
                0x8000d790      0x704 C:/devkitPro/libogc/lib/wii\libwiiuse.a(events.o)
                0x8000d790                parse_event
 .text.guitar_hero_3_handshake
                0x8000de94       0x5c C:/devkitPro/libogc/lib/wii\libwiiuse.a(guitar_hero_3.o)
                0x8000de94                guitar_hero_3_handshake
 .text.guitar_hero_3_disconnected
                0x8000def0        0xc C:/devkitPro/libogc/lib/wii\libwiiuse.a(guitar_hero_3.o)
                0x8000def0                guitar_hero_3_disconnected
 .text.guitar_hero_3_event
                0x8000defc       0x60 C:/devkitPro/libogc/lib/wii\libwiiuse.a(guitar_hero_3.o)
                0x8000defc                guitar_hero_3_event
 .text.acl_wlp_completed
                0x8000df5c        0x8 C:/devkitPro/libogc/lib/wii\libbte.a(bte.o)
                0x8000df5c                acl_wlp_completed
 .text.bt_alarmhandler
                0x8000df64       0x58 C:/devkitPro/libogc/lib/wii\libbte.a(bte.o)
 .text.__bte_send_pending_request
                0x8000dfbc      0x108 C:/devkitPro/libogc/lib/wii\libbte.a(bte.o)
 .text.acl_conn_complete
                0x8000e0c4       0x28 C:/devkitPro/libogc/lib/wii\libbte.a(bte.o)
                0x8000e0c4                acl_conn_complete
 .text.acl_auth_complete
                0x8000e0ec       0x2c C:/devkitPro/libogc/lib/wii\libbte.a(bte.o)
                0x8000e0ec                acl_auth_complete
 .text.pin_req  0x8000e118       0x8c C:/devkitPro/libogc/lib/wii\libbte.a(bte.o)
                0x8000e118                pin_req
 .text.l2cap_connected
                0x8000e1a4       0xf0 C:/devkitPro/libogc/lib/wii\libbte.a(bte.o)
                0x8000e1a4                l2cap_connected
 .text.l2cap_accepted
                0x8000e294       0xe8 C:/devkitPro/libogc/lib/wii\libbte.a(bte.o)
                0x8000e294                l2cap_accepted
 .text.bte_inquiry_complete
                0x8000e37c      0x240 C:/devkitPro/libogc/lib/wii\libbte.a(bte.o)
                0x8000e37c                bte_inquiry_complete
 .text.l2cap_disconnect_cfm
                0x8000e5bc      0x180 C:/devkitPro/libogc/lib/wii\libbte.a(bte.o)
                0x8000e5bc                l2cap_disconnect_cfm
 .text.bte_process_input
                0x8000e73c      0x120 C:/devkitPro/libogc/lib/wii\libbte.a(bte.o)
 .text.l2cap_disconnected_ind
                0x8000e85c      0x18c C:/devkitPro/libogc/lib/wii\libbte.a(bte.o)
                0x8000e85c                l2cap_disconnected_ind
 .text.__bte_shutdown_finished
                0x8000e9e8       0xe8 C:/devkitPro/libogc/lib/wii\libbte.a(bte.o)
 .text.bte_hci_apply_patch_complete
                0x8000ead0      0x170 C:/devkitPro/libogc/lib/wii\libbte.a(bte.o)
                0x8000ead0                bte_hci_apply_patch_complete
 .text.bte_hci_patch_complete
                0x8000ec40      0x37c C:/devkitPro/libogc/lib/wii\libbte.a(bte.o)
                0x8000ec40                bte_hci_patch_complete
 .text.bte_read_remote_name_complete
                0x8000efbc      0x190 C:/devkitPro/libogc/lib/wii\libbte.a(bte.o)
                0x8000efbc                bte_read_remote_name_complete
 .text.bte_hci_initcore_complete
                0x8000f14c      0x260 C:/devkitPro/libogc/lib/wii\libbte.a(bte.o)
                0x8000f14c                bte_hci_initcore_complete
 .text.bte_read_stored_link_key_complete
                0x8000f3ac      0x288 C:/devkitPro/libogc/lib/wii\libbte.a(bte.o)
                0x8000f3ac                bte_read_stored_link_key_complete
 .text.bte_set_evt_filter_complete
                0x8000f634      0x1dc C:/devkitPro/libogc/lib/wii\libbte.a(bte.o)
                0x8000f634                bte_set_evt_filter_complete
 .text.bte_hci_initcore_complete2
                0x8000f810      0x230 C:/devkitPro/libogc/lib/wii\libbte.a(bte.o)
 .text.bte_hci_initsub_complete
                0x8000fa40      0x280 C:/devkitPro/libogc/lib/wii\libbte.a(bte.o)
                0x8000fa40                bte_hci_initsub_complete
 .text.BTE_Init
                0x8000fcc0      0x154 C:/devkitPro/libogc/lib/wii\libbte.a(bte.o)
                0x8000fcc0                BTE_Init
 .text.BTE_Close
                0x8000fe14       0x64 C:/devkitPro/libogc/lib/wii\libbte.a(bte.o)
                0x8000fe14                BTE_Close
 .text.BTE_Shutdown
                0x8000fe78      0x10c C:/devkitPro/libogc/lib/wii\libbte.a(bte.o)
                0x8000fe78                BTE_Shutdown
 .text.BTE_InitCore
                0x8000ff84       0x8c C:/devkitPro/libogc/lib/wii\libbte.a(bte.o)
                0x8000ff84                BTE_InitCore
 .text.BTE_ApplyPatch
                0x80010010       0xa4 C:/devkitPro/libogc/lib/wii\libbte.a(bte.o)
                0x80010010                BTE_ApplyPatch
 .text.BTE_InitSub
                0x800100b4       0x90 C:/devkitPro/libogc/lib/wii\libbte.a(bte.o)
                0x800100b4                BTE_InitSub
 .text.BTE_ReadStoredLinkKey
                0x80010144       0x90 C:/devkitPro/libogc/lib/wii\libbte.a(bte.o)
                0x80010144                BTE_ReadStoredLinkKey
 .text.BTE_SetEvtFilter
                0x800101d4       0xb8 C:/devkitPro/libogc/lib/wii\libbte.a(bte.o)
                0x800101d4                BTE_SetEvtFilter
 .text.BTE_ReadRemoteName
                0x8001028c       0x8c C:/devkitPro/libogc/lib/wii\libbte.a(bte.o)
                0x8001028c                BTE_ReadRemoteName
 .text.BTE_LinkKeyRequestReply
                0x80010318       0x9c C:/devkitPro/libogc/lib/wii\libbte.a(bte.o)
                0x80010318                BTE_LinkKeyRequestReply
 .text.BTE_LinkKeyRequestNegativeReply
                0x800103b4       0x8c C:/devkitPro/libogc/lib/wii\libbte.a(bte.o)
                0x800103b4                BTE_LinkKeyRequestNegativeReply
 .text.BTE_GetPairMode
                0x80010440        0xc C:/devkitPro/libogc/lib/wii\libbte.a(bte.o)
                0x80010440                BTE_GetPairMode
 .text.BTE_SetDisconnectCallback
                0x8001044c        0x4 C:/devkitPro/libogc/lib/wii\libbte.a(bte.o)
                0x8001044c                BTE_SetDisconnectCallback
 .text.BTE_SetHostSyncButtonCallback
                0x80010450       0x60 C:/devkitPro/libogc/lib/wii\libbte.a(bte.o)
                0x80010450                BTE_SetHostSyncButtonCallback
 .text.BTE_SetConnectionRequestCallback
                0x800104b0       0x60 C:/devkitPro/libogc/lib/wii\libbte.a(bte.o)
                0x800104b0                BTE_SetConnectionRequestCallback
 .text.BTE_SetLinkKeyRequestCallback
                0x80010510       0x60 C:/devkitPro/libogc/lib/wii\libbte.a(bte.o)
                0x80010510                BTE_SetLinkKeyRequestCallback
 .text.BTE_SetLinkKeyNotificationCallback
                0x80010570       0x60 C:/devkitPro/libogc/lib/wii\libbte.a(bte.o)
                0x80010570                BTE_SetLinkKeyNotificationCallback
 .text.BTE_WriteStoredLinkKey
                0x800105d0       0x9c C:/devkitPro/libogc/lib/wii\libbte.a(bte.o)
                0x800105d0                BTE_WriteStoredLinkKey
 .text.BTE_ClearStoredLinkKeys
                0x8001066c       0x80 C:/devkitPro/libogc/lib/wii\libbte.a(bte.o)
                0x8001066c                BTE_ClearStoredLinkKeys
 .text.bte_new  0x800106ec       0x54 C:/devkitPro/libogc/lib/wii\libbte.a(bte.o)
                0x800106ec                bte_new
 .text.bte_free
                0x80010740       0x38 C:/devkitPro/libogc/lib/wii\libbte.a(bte.o)
                0x80010740                bte_free
 .text.BTE_Inquiry
                0x80010778       0xd0 C:/devkitPro/libogc/lib/wii\libbte.a(bte.o)
                0x80010778                BTE_Inquiry
 .text.bte_disconnect
                0x80010848       0xcc C:/devkitPro/libogc/lib/wii\libbte.a(bte.o)
                0x80010848                bte_disconnect
 .text.bte_connectasync
                0x80010914      0x128 C:/devkitPro/libogc/lib/wii\libbte.a(bte.o)
                0x80010914                bte_connectasync
 .text.bte_connectasync_step2
                0x80010a3c       0xe0 C:/devkitPro/libogc/lib/wii\libbte.a(bte.o)
                0x80010a3c                bte_connectasync_step2
 .text.bte_listenasync
                0x80010b1c      0x114 C:/devkitPro/libogc/lib/wii\libbte.a(bte.o)
                0x80010b1c                bte_listenasync
 .text.bte_listenasync_step2
                0x80010c30       0xdc C:/devkitPro/libogc/lib/wii\libbte.a(bte.o)
                0x80010c30                bte_listenasync_step2
 .text.bte_senddata
                0x80010d0c      0x104 C:/devkitPro/libogc/lib/wii\libbte.a(bte.o)
                0x80010d0c                bte_senddata
 .text.bte_arg  0x80010e10       0x38 C:/devkitPro/libogc/lib/wii\libbte.a(bte.o)
                0x80010e10                bte_arg
 .text.bte_received
                0x80010e48       0x38 C:/devkitPro/libogc/lib/wii\libbte.a(bte.o)
                0x80010e48                bte_received
 .text.bte_disconnected
                0x80010e80       0x38 C:/devkitPro/libogc/lib/wii\libbte.a(bte.o)
                0x80010e80                bte_disconnected
 .text.hci_get_link
                0x80010eb8       0x84 C:/devkitPro/libogc/lib/wii\libbte.a(hci.o)
 .text.hci_init
                0x80010f3c       0x7c C:/devkitPro/libogc/lib/wii\libbte.a(hci.o)
                0x80010f3c                hci_init
 .text.hci_close
                0x80010fb8      0x134 C:/devkitPro/libogc/lib/wii\libbte.a(hci.o)
                0x80010fb8                hci_close
 .text.hci_reset_all
                0x800110ec       0xa8 C:/devkitPro/libogc/lib/wii\libbte.a(hci.o)
                0x800110ec                hci_reset_all
 .text.hci_arg  0x80011194        0xc C:/devkitPro/libogc/lib/wii\libbte.a(hci.o)
                0x80011194                hci_arg
 .text.hci_cmd_complete
                0x800111a0        0xc C:/devkitPro/libogc/lib/wii\libbte.a(hci.o)
                0x800111a0                hci_cmd_complete
 .text.hci_pin_req
                0x800111ac        0xc C:/devkitPro/libogc/lib/wii\libbte.a(hci.o)
                0x800111ac                hci_pin_req
 .text.hci_sync_btn
                0x800111b8        0xc C:/devkitPro/libogc/lib/wii\libbte.a(hci.o)
                0x800111b8                hci_sync_btn
 .text.hci_remote_name_req_complete
                0x800111c4        0xc C:/devkitPro/libogc/lib/wii\libbte.a(hci.o)
                0x800111c4                hci_remote_name_req_complete
 .text.hci_link_key_req
                0x800111d0        0xc C:/devkitPro/libogc/lib/wii\libbte.a(hci.o)
                0x800111d0                hci_link_key_req
 .text.hci_link_key_not
                0x800111dc        0xc C:/devkitPro/libogc/lib/wii\libbte.a(hci.o)
                0x800111dc                hci_link_key_not
 .text.hci_connection_complete
                0x800111e8        0xc C:/devkitPro/libogc/lib/wii\libbte.a(hci.o)
                0x800111e8                hci_connection_complete
 .text.hci_auth_complete
                0x800111f4        0xc C:/devkitPro/libogc/lib/wii\libbte.a(hci.o)
                0x800111f4                hci_auth_complete
 .text.hci_wlp_complete
                0x80011200        0xc C:/devkitPro/libogc/lib/wii\libbte.a(hci.o)
                0x80011200                hci_wlp_complete
 .text.hci_conn_req
                0x8001120c        0xc C:/devkitPro/libogc/lib/wii\libbte.a(hci.o)
                0x8001120c                hci_conn_req
 .text.hci_reset
                0x80011218       0xa8 C:/devkitPro/libogc/lib/wii\libbte.a(hci.o)
                0x80011218                hci_reset
 .text.hci_read_buffer_size
                0x800112c0       0xa8 C:/devkitPro/libogc/lib/wii\libbte.a(hci.o)
                0x800112c0                hci_read_buffer_size
 .text.hci_read_bd_addr
                0x80011368       0xa8 C:/devkitPro/libogc/lib/wii\libbte.a(hci.o)
                0x80011368                hci_read_bd_addr
 .text.hci_read_local_version
                0x80011410       0xa4 C:/devkitPro/libogc/lib/wii\libbte.a(hci.o)
                0x80011410                hci_read_local_version
 .text.hci_read_local_features
                0x800114b4       0xa8 C:/devkitPro/libogc/lib/wii\libbte.a(hci.o)
                0x800114b4                hci_read_local_features
 .text.hci_read_stored_link_key
                0x8001155c      0x10c C:/devkitPro/libogc/lib/wii\libbte.a(hci.o)
                0x8001155c                hci_read_stored_link_key
 .text.hci_set_event_filter
                0x80011668      0x180 C:/devkitPro/libogc/lib/wii\libbte.a(hci.o)
                0x80011668                hci_set_event_filter
 .text.hci_write_page_timeout
                0x800117e8       0xd4 C:/devkitPro/libogc/lib/wii\libbte.a(hci.o)
                0x800117e8                hci_write_page_timeout
 .text.hci_write_scan_enable
                0x800118bc       0xc0 C:/devkitPro/libogc/lib/wii\libbte.a(hci.o)
                0x800118bc                hci_write_scan_enable
 .text.hci_inquiry
                0x8001197c      0x144 C:/devkitPro/libogc/lib/wii\libbte.a(hci.o)
                0x8001197c                hci_inquiry
 .text.hci_accept_conn_request
                0x80011ac0       0xf0 C:/devkitPro/libogc/lib/wii\libbte.a(hci.o)
                0x80011ac0                hci_accept_conn_request
 .text.hci_write_local_name
                0x80011bb0       0xec C:/devkitPro/libogc/lib/wii\libbte.a(hci.o)
                0x80011bb0                hci_write_local_name
 .text.hci_write_pin_type
                0x80011c9c       0xc0 C:/devkitPro/libogc/lib/wii\libbte.a(hci.o)
                0x80011c9c                hci_write_pin_type
 .text.hci_read_remote_name
                0x80011d5c      0x1b4 C:/devkitPro/libogc/lib/wii\libbte.a(hci.o)
                0x80011d5c                hci_read_remote_name
 .text.hci_write_inquiry_mode
                0x80011f10       0xc0 C:/devkitPro/libogc/lib/wii\libbte.a(hci.o)
                0x80011f10                hci_write_inquiry_mode
 .text.hci_write_page_scan_type
                0x80011fd0       0xc0 C:/devkitPro/libogc/lib/wii\libbte.a(hci.o)
                0x80011fd0                hci_write_page_scan_type
 .text.hci_write_inquiry_scan_type
                0x80012090       0xc0 C:/devkitPro/libogc/lib/wii\libbte.a(hci.o)
                0x80012090                hci_write_inquiry_scan_type
 .text.hci_vendor_specific_command
                0x80012150      0x104 C:/devkitPro/libogc/lib/wii\libbte.a(hci.o)
                0x80012150                hci_vendor_specific_command
 .text.hci_auth_req
                0x80012254       0xe8 C:/devkitPro/libogc/lib/wii\libbte.a(hci.o)
                0x80012254                hci_auth_req
 .text.hci_write_link_policy_settings
                0x8001233c      0x104 C:/devkitPro/libogc/lib/wii\libbte.a(hci.o)
                0x8001233c                hci_write_link_policy_settings
 .text.hci_pin_code_request_reply
                0x80012440      0x150 C:/devkitPro/libogc/lib/wii\libbte.a(hci.o)
                0x80012440                hci_pin_code_request_reply
 .text.hci_link_key_req_reply
                0x80012590      0x114 C:/devkitPro/libogc/lib/wii\libbte.a(hci.o)
                0x80012590                hci_link_key_req_reply
 .text.hci_pin_code_request_neg_reply
                0x800126a4       0xd4 C:/devkitPro/libogc/lib/wii\libbte.a(hci.o)
                0x800126a4                hci_pin_code_request_neg_reply
 .text.hci_link_key_req_neg_reply
                0x80012778       0xd4 C:/devkitPro/libogc/lib/wii\libbte.a(hci.o)
                0x80012778                hci_link_key_req_neg_reply
 .text.hci_disconnect
                0x8001284c      0x104 C:/devkitPro/libogc/lib/wii\libbte.a(hci.o)
                0x8001284c                hci_disconnect
 .text.hci_reject_connection_request
                0x80012950       0xf0 C:/devkitPro/libogc/lib/wii\libbte.a(hci.o)
                0x80012950                hci_reject_connection_request
 .text.hci_write_stored_link_key
                0x80012a40      0x128 C:/devkitPro/libogc/lib/wii\libbte.a(hci.o)
                0x80012a40                hci_write_stored_link_key
 .text.hci_delete_stored_link_key
                0x80012b68      0x10c C:/devkitPro/libogc/lib/wii\libbte.a(hci.o)
                0x80012b68                hci_delete_stored_link_key
 .text.hci_write_cod
                0x80012c74       0xd8 C:/devkitPro/libogc/lib/wii\libbte.a(hci.o)
                0x80012c74                hci_write_cod
 .text.hci_host_buffer_size
                0x80012d4c      0x11c C:/devkitPro/libogc/lib/wii\libbte.a(hci.o)
                0x80012d4c                hci_host_buffer_size
 .text.hci_host_num_comp_packets
                0x80012e68      0x110 C:/devkitPro/libogc/lib/wii\libbte.a(hci.o)
                0x80012e68                hci_host_num_comp_packets
 .text.lp_pdu_maxsize
                0x80012f78        0xc C:/devkitPro/libogc/lib/wii\libbte.a(hci.o)
                0x80012f78                lp_pdu_maxsize
 .text.hci_get_bd_addr
                0x80012f84       0x50 C:/devkitPro/libogc/lib/wii\libbte.a(hci.o)
                0x80012f84                hci_get_bd_addr
 .text.lp_is_connected
                0x80012fd4       0x28 C:/devkitPro/libogc/lib/wii\libbte.a(hci.o)
                0x80012fd4                lp_is_connected
 .text.lp_acl_write
                0x80012ffc      0x154 C:/devkitPro/libogc/lib/wii\libbte.a(hci.o)
                0x80012ffc                lp_acl_write
 .text.lp_write_flush_timeout
                0x80013150      0x104 C:/devkitPro/libogc/lib/wii\libbte.a(hci.o)
                0x80013150                lp_write_flush_timeout
 .text.lp_connect_req
                0x80013254      0x294 C:/devkitPro/libogc/lib/wii\libbte.a(hci.o)
                0x80013254                lp_connect_req
 .text.hci_event_handler
                0x800134e8      0xf00 C:/devkitPro/libogc/lib/wii\libbte.a(hci.o)
                0x800134e8                hci_event_handler
 .text.hci_acldata_handler
                0x800143e8      0x110 C:/devkitPro/libogc/lib/wii\libbte.a(hci.o)
                0x800143e8                hci_acldata_handler
 .text.l2cap_init
                0x800144f8       0x60 C:/devkitPro/libogc/lib/wii\libbte.a(l2cap.o)
                0x800144f8                l2cap_init
 .text.l2cap_write
                0x80014558      0x1a0 C:/devkitPro/libogc/lib/wii\libbte.a(l2cap.o)
                0x80014558                l2cap_write
 .text.l2cap_new
                0x800146f8       0x60 C:/devkitPro/libogc/lib/wii\libbte.a(l2cap.o)
                0x800146f8                l2cap_new
 .text.l2cap_close
                0x80014758      0x1c0 C:/devkitPro/libogc/lib/wii\libbte.a(l2cap.o)
                0x80014758                l2cap_close
 .text.l2cap_reset_all
                0x80014918      0x148 C:/devkitPro/libogc/lib/wii\libbte.a(l2cap.o)
                0x80014918                l2cap_reset_all
 .text.l2cap_signal
                0x80014a60      0x204 C:/devkitPro/libogc/lib/wii\libbte.a(l2cap.o)
                0x80014a60                l2cap_signal
 .text.l2ca_connect_req
                0x80014c64      0x1e0 C:/devkitPro/libogc/lib/wii\libbte.a(l2cap.o)
                0x80014c64                l2ca_connect_req
 .text.l2ca_config_req
                0x80014e44      0x13c C:/devkitPro/libogc/lib/wii\libbte.a(l2cap.o)
                0x80014e44                l2ca_config_req
 .text.l2ca_disconnect_req
                0x80014f80       0xcc C:/devkitPro/libogc/lib/wii\libbte.a(l2cap.o)
                0x80014f80                l2ca_disconnect_req
 .text.l2cap_tmr
                0x8001504c      0x260 C:/devkitPro/libogc/lib/wii\libbte.a(l2cap.o)
                0x8001504c                l2cap_tmr
 .text.l2cap_process_sig
                0x800152ac     0x1320 C:/devkitPro/libogc/lib/wii\libbte.a(l2cap.o)
                0x800152ac                l2cap_process_sig
 .text.l2cap_input
                0x800165cc      0x5b8 C:/devkitPro/libogc/lib/wii\libbte.a(l2cap.o)
                0x800165cc                l2cap_input
 .text.l2ca_datawrite
                0x80016b84      0x128 C:/devkitPro/libogc/lib/wii\libbte.a(l2cap.o)
                0x80016b84                l2ca_datawrite
 .text.lp_connect_cfm
                0x80016cac      0x17c C:/devkitPro/libogc/lib/wii\libbte.a(l2cap.o)
                0x80016cac                lp_connect_cfm
 .text.lp_connect_ind
                0x80016e28        0x4 C:/devkitPro/libogc/lib/wii\libbte.a(l2cap.o)
                0x80016e28                lp_connect_ind
 .text.lp_disconnect_ind
                0x80016e2c      0x1b0 C:/devkitPro/libogc/lib/wii\libbte.a(l2cap.o)
                0x80016e2c                lp_disconnect_ind
 .text.l2cap_disconnect_bb
                0x80016fdc       0x10 C:/devkitPro/libogc/lib/wii\libbte.a(l2cap.o)
                0x80016fdc                l2cap_disconnect_bb
 .text.l2cap_arg
                0x80016fec        0x8 C:/devkitPro/libogc/lib/wii\libbte.a(l2cap.o)
                0x80016fec                l2cap_arg
 .text.l2cap_connect_ind
                0x80016ff4      0x100 C:/devkitPro/libogc/lib/wii\libbte.a(l2cap.o)
                0x80016ff4                l2cap_connect_ind
 .text.l2cap_disconnect_ind
                0x800170f4        0x8 C:/devkitPro/libogc/lib/wii\libbte.a(l2cap.o)
                0x800170f4                l2cap_disconnect_ind
 .text.l2cap_recv
                0x800170fc        0x8 C:/devkitPro/libogc/lib/wii\libbte.a(l2cap.o)
                0x800170fc                l2cap_recv
 .text.btmemb_init
                0x80017104       0x24 C:/devkitPro/libogc/lib/wii\libbte.a(btmemb.o)
                0x80017104                btmemb_init
 .text.btmemb_alloc
                0x80017128       0x98 C:/devkitPro/libogc/lib/wii\libbte.a(btmemb.o)
                0x80017128                btmemb_alloc
 .text.btmemb_free
                0x800171c0       0xe0 C:/devkitPro/libogc/lib/wii\libbte.a(btmemb.o)
                0x800171c0                btmemb_free
 .text.plug_holes
                0x800172a0       0xac C:/devkitPro/libogc/lib/wii\libbte.a(btmemr.o)
 .text.btmemr_init
                0x8001734c       0xa4 C:/devkitPro/libogc/lib/wii\libbte.a(btmemr.o)
                0x8001734c                btmemr_init
 .text.btmemr_malloc
                0x800173f0      0x180 C:/devkitPro/libogc/lib/wii\libbte.a(btmemr.o)
                0x800173f0                btmemr_malloc
 .text.btmemr_free
                0x80017570       0x98 C:/devkitPro/libogc/lib/wii\libbte.a(btmemr.o)
                0x80017570                btmemr_free
 .text.btmemr_realloc
                0x80017608      0x120 C:/devkitPro/libogc/lib/wii\libbte.a(btmemr.o)
                0x80017608                btmemr_realloc
 .text.btpbuf_init
                0x80017728       0x28 C:/devkitPro/libogc/lib/wii\libbte.a(btpbuf.o)
                0x80017728                btpbuf_init
 .text.btpbuf_free
                0x80017750      0x104 C:/devkitPro/libogc/lib/wii\libbte.a(btpbuf.o)
                0x80017750                btpbuf_free
 .text.btpbuf_alloc
                0x80017854      0x270 C:/devkitPro/libogc/lib/wii\libbte.a(btpbuf.o)
                0x80017854                btpbuf_alloc
 .text.btpbuf_realloc
                0x80017ac4      0x120 C:/devkitPro/libogc/lib/wii\libbte.a(btpbuf.o)
                0x80017ac4                btpbuf_realloc
 .text.btpbuf_header
                0x80017be4       0x84 C:/devkitPro/libogc/lib/wii\libbte.a(btpbuf.o)
                0x80017be4                btpbuf_header
 .text.btpbuf_ref
                0x80017c68       0x48 C:/devkitPro/libogc/lib/wii\libbte.a(btpbuf.o)
                0x80017c68                btpbuf_ref
 .text.btpbuf_chain
                0x80017cb0       0x9c C:/devkitPro/libogc/lib/wii\libbte.a(btpbuf.o)
                0x80017cb0                btpbuf_chain
 .text.btpbuf_dechain
                0x80017d4c       0x7c C:/devkitPro/libogc/lib/wii\libbte.a(btpbuf.o)
                0x80017d4c                btpbuf_dechain
 .text.btpbuf_take
                0x80017dc8      0x13c C:/devkitPro/libogc/lib/wii\libbte.a(btpbuf.o)
                0x80017dc8                btpbuf_take
 .text.__writebulkmsgCB
                0x80017f04       0x3c C:/devkitPro/libogc/lib/wii\libbte.a(physbusif.o)
 .text.__writectrlmsgCB
                0x80017f40       0x3c C:/devkitPro/libogc/lib/wii\libbte.a(physbusif.o)
 .text.__issue_intrread.part.0
                0x80017f7c       0x80 C:/devkitPro/libogc/lib/wii\libbte.a(physbusif.o)
 .text.__readintrdataCB
                0x80017ffc      0x150 C:/devkitPro/libogc/lib/wii\libbte.a(physbusif.o)
 .text.__issue_bulkread.part.0
                0x8001814c       0x80 C:/devkitPro/libogc/lib/wii\libbte.a(physbusif.o)
 .text.__readbulkdataCB
                0x800181cc      0x150 C:/devkitPro/libogc/lib/wii\libbte.a(physbusif.o)
 .text.physbusif_init
                0x8001831c      0x1ec C:/devkitPro/libogc/lib/wii\libbte.a(physbusif.o)
                0x8001831c                physbusif_init
 .text.physbusif_close
                0x80018508       0x20 C:/devkitPro/libogc/lib/wii\libbte.a(physbusif.o)
                0x80018508                physbusif_close
 .text.physbusif_shutdown
                0x80018528       0x18 C:/devkitPro/libogc/lib/wii\libbte.a(physbusif.o)
                0x80018528                physbusif_shutdown
 .text.physbusif_reset_all
                0x80018540        0x4 C:/devkitPro/libogc/lib/wii\libbte.a(physbusif.o)
                0x80018540                physbusif_reset_all
 .text.physbusif_output
                0x80018544      0x1f4 C:/devkitPro/libogc/lib/wii\libbte.a(physbusif.o)
                0x80018544                physbusif_output
 .text.RGB8_to_YCbCr
                0x80018738      0x144 C:/devkitPro/libogc/lib/wii\libogc.a(console.o)
 .text.__console_drawc.part.0
                0x8001887c      0x268 C:/devkitPro/libogc/lib/wii\libogc.a(console.o)
 .text.__console_clear
                0x80018ae4      0x174 C:/devkitPro/libogc/lib/wii\libogc.a(console.o)
 .text.__set_default_console
                0x80018c58      0x108 C:/devkitPro/libogc/lib/wii\libogc.a(console.o)
 .text.__console_clear_line
                0x80018d60      0x150 C:/devkitPro/libogc/lib/wii\libogc.a(console.o)
 .text.__console_init
                0x80018eb0       0x70 C:/devkitPro/libogc/lib/wii\libogc.a(console.o)
                0x80018eb0                __console_init
 .text.newRow   0x80018f20      0x110 C:/devkitPro/libogc/lib/wii\libogc.a(console.o)
                0x80018f20                newRow
 .text.consolePrintChar.part.0
                0x80019030      0x228 C:/devkitPro/libogc/lib/wii\libogc.a(console.o)
 .text.__console_write
                0x80019258      0xc20 C:/devkitPro/libogc/lib/wii\libogc.a(console.o)
                0x80019258                __console_write
 .text.CON_Init
                0x80019e78       0x80 C:/devkitPro/libogc/lib/wii\libogc.a(console.o)
                0x80019e78                CON_Init
 .text.CON_EnableGecko
                0x80019ef8       0xf8 C:/devkitPro/libogc/lib/wii\libogc.a(console.o)
                0x80019ef8                CON_EnableGecko
 .text.__lwp_queue_initialize
                0x80019ff0       0x98 C:/devkitPro/libogc/lib/wii\libogc.a(lwp_queue.o)
                0x80019ff0                __lwp_queue_initialize
 .text.__lwp_queue_get
                0x8001a088       0x74 C:/devkitPro/libogc/lib/wii\libogc.a(lwp_queue.o)
                0x8001a088                __lwp_queue_get
 .text.__lwp_queue_append
                0x8001a0fc       0x4c C:/devkitPro/libogc/lib/wii\libogc.a(lwp_queue.o)
                0x8001a0fc                __lwp_queue_append
 .text.__syscall_getreent
                0x8001a148       0x24 C:/devkitPro/libogc/lib/wii\libogc.a(lwp_threads.o)
                0x8001a148                __syscall_getreent
 .text.__lwp_isr_in_progress
                0x8001a16c        0x8 C:/devkitPro/libogc/lib/wii\libogc.a(lwp_threads.o)
                0x8001a16c                __lwp_isr_in_progress
 .text.__thread_dispatch_fp
                0x8001a174       0x88 C:/devkitPro/libogc/lib/wii\libogc.a(lwp_threads.o)
                0x8001a174                __thread_dispatch_fp
 .text.__thread_dispatch
                0x8001a1fc       0xf4 C:/devkitPro/libogc/lib/wii\libogc.a(lwp_threads.o)
                0x8001a1fc                __thread_dispatch
 .text.__lwp_thread_resettimeslice
                0x8001a2f0       0xb4 C:/devkitPro/libogc/lib/wii\libogc.a(lwp_threads.o)
                0x8001a2f0                __lwp_thread_resettimeslice
 .text.__lwp_thread_tickle_timeslice
                0x8001a3a4       0xc8 C:/devkitPro/libogc/lib/wii\libogc.a(lwp_threads.o)
                0x8001a3a4                __lwp_thread_tickle_timeslice
 .text.__lwp_thread_setstate
                0x8001a46c      0x16c C:/devkitPro/libogc/lib/wii\libogc.a(lwp_threads.o)
                0x8001a46c                __lwp_thread_setstate
 .text.__lwp_thread_clearstate
                0x8001a5d8       0xe4 C:/devkitPro/libogc/lib/wii\libogc.a(lwp_threads.o)
                0x8001a5d8                __lwp_thread_clearstate
 .text.__lwp_thread_settransient
                0x8001a6bc       0xb4 C:/devkitPro/libogc/lib/wii\libogc.a(lwp_threads.o)
                0x8001a6bc                __lwp_thread_settransient
 .text.__lwp_thread_changepriority
                0x8001a770      0x1f8 C:/devkitPro/libogc/lib/wii\libogc.a(lwp_threads.o)
                0x8001a770                __lwp_thread_changepriority
 .text.__lwp_thread_ready
                0x8001a968       0xf0 C:/devkitPro/libogc/lib/wii\libogc.a(lwp_threads.o)
                0x8001a968                __lwp_thread_ready
 .text.__lwp_thread_init
                0x8001aa58      0x160 C:/devkitPro/libogc/lib/wii\libogc.a(lwp_threads.o)
                0x8001aa58                __lwp_thread_init
 .text.__lwp_thread_close
                0x8001abb8      0x144 C:/devkitPro/libogc/lib/wii\libogc.a(lwp_threads.o)
                0x8001abb8                __lwp_thread_close
 .text.__lwp_thread_handler
                0x8001acfc       0xc0 C:/devkitPro/libogc/lib/wii\libogc.a(lwp_threads.o)
 .text.__lwp_thread_closeall
                0x8001adbc       0xb4 C:/devkitPro/libogc/lib/wii\libogc.a(lwp_threads.o)
                0x8001adbc                __lwp_thread_closeall
 .text.__lwp_thread_start
                0x8001ae70      0x13c C:/devkitPro/libogc/lib/wii\libogc.a(lwp_threads.o)
                0x8001ae70                __lwp_thread_start
 .text.__lwp_thread_startmultitasking
                0x8001afac       0xac C:/devkitPro/libogc/lib/wii\libogc.a(lwp_threads.o)
                0x8001afac                __lwp_thread_startmultitasking
 .text.__lwp_thread_stopmultitasking
                0x8001b058       0x58 C:/devkitPro/libogc/lib/wii\libogc.a(lwp_threads.o)
                0x8001b058                __lwp_thread_stopmultitasking
 .text.__lwp_thread_coreinit
                0x8001b0b0       0xc8 C:/devkitPro/libogc/lib/wii\libogc.a(lwp_threads.o)
                0x8001b0b0                __lwp_thread_coreinit
 .text.idle_func
                0x8001b178        0x4 C:/devkitPro/libogc/lib/wii\libogc.a(lwp.o)
 .text.__lwp_sysinit
                0x8001b17c      0x114 C:/devkitPro/libogc/lib/wii\libogc.a(lwp.o)
                0x8001b17c                __lwp_sysinit
 .text.LWP_CreateThread
                0x8001b290      0x1b0 C:/devkitPro/libogc/lib/wii\libogc.a(lwp.o)
                0x8001b290                LWP_CreateThread
 .text.LWP_JoinThread
                0x8001b440      0x134 C:/devkitPro/libogc/lib/wii\libogc.a(lwp.o)
                0x8001b440                LWP_JoinThread
 .text.LWP_InitQueue
                0x8001b574      0x148 C:/devkitPro/libogc/lib/wii\libogc.a(lwp.o)
                0x8001b574                LWP_InitQueue
 .text.LWP_CloseQueue
                0x8001b6bc       0xd4 C:/devkitPro/libogc/lib/wii\libogc.a(lwp.o)
                0x8001b6bc                LWP_CloseQueue
 .text.LWP_ThreadSleep
                0x8001b790       0xf4 C:/devkitPro/libogc/lib/wii\libogc.a(lwp.o)
                0x8001b790                LWP_ThreadSleep
 .text.LWP_ThreadBroadcast
                0x8001b884       0x88 C:/devkitPro/libogc/lib/wii\libogc.a(lwp.o)
                0x8001b884                LWP_ThreadBroadcast
 .text.LWP_ThreadSignal
                0x8001b90c       0x74 C:/devkitPro/libogc/lib/wii\libogc.a(lwp.o)
                0x8001b90c                LWP_ThreadSignal
 .text.__lwp_stack_allocate
                0x8001b980       0x60 C:/devkitPro/libogc/lib/wii\libogc.a(lwp_stack.o)
                0x8001b980                __lwp_stack_allocate
 .text.__lwp_stack_free
                0x8001b9e0       0x1c C:/devkitPro/libogc/lib/wii\libogc.a(lwp_stack.o)
                0x8001b9e0                __lwp_stack_free
 .text.__lwp_wd_settimer
                0x8001b9fc       0xdc C:/devkitPro/libogc/lib/wii\libogc.a(lwp_watchdog.o)
 .text.__lwp_watchdog_init
                0x8001bad8       0x2c C:/devkitPro/libogc/lib/wii\libogc.a(lwp_watchdog.o)
                0x8001bad8                __lwp_watchdog_init
 .text.__lwp_wd_insert
                0x8001bb04      0x194 C:/devkitPro/libogc/lib/wii\libogc.a(lwp_watchdog.o)
                0x8001bb04                __lwp_wd_insert
 .text.__lwp_wd_remove
                0x8001bc98      0x134 C:/devkitPro/libogc/lib/wii\libogc.a(lwp_watchdog.o)
                0x8001bc98                __lwp_wd_remove
 .text.__lwp_wd_tickle
                0x8001bdcc      0x120 C:/devkitPro/libogc/lib/wii\libogc.a(lwp_watchdog.o)
                0x8001bdcc                __lwp_wd_tickle
 .text.__lwp_wkspace_init
                0x8001beec       0xc0 C:/devkitPro/libogc/lib/wii\libogc.a(lwp_wkspace.o)
                0x8001beec                __lwp_wkspace_init
 .text.__lwp_objmgr_initinfo
                0x8001bfac      0x1a0 C:/devkitPro/libogc/lib/wii\libogc.a(lwp_objmgr.o)
                0x8001bfac                __lwp_objmgr_initinfo
 .text.__lwp_objmgr_getisrdisable
                0x8001c14c       0x60 C:/devkitPro/libogc/lib/wii\libogc.a(lwp_objmgr.o)
                0x8001c14c                __lwp_objmgr_getisrdisable
 .text.__lwp_objmgr_getnoprotection
                0x8001c1ac       0x24 C:/devkitPro/libogc/lib/wii\libogc.a(lwp_objmgr.o)
                0x8001c1ac                __lwp_objmgr_getnoprotection
 .text.__lwp_objmgr_get
                0x8001c1d0       0x6c C:/devkitPro/libogc/lib/wii\libogc.a(lwp_objmgr.o)
                0x8001c1d0                __lwp_objmgr_get
 .text.__lwp_objmgr_allocate
                0x8001c23c       0x88 C:/devkitPro/libogc/lib/wii\libogc.a(lwp_objmgr.o)
                0x8001c23c                __lwp_objmgr_allocate
 .text.__lwp_objmgr_free
                0x8001c2c4       0x60 C:/devkitPro/libogc/lib/wii\libogc.a(lwp_objmgr.o)
                0x8001c2c4                __lwp_objmgr_free
 .text.__lwp_heap_init
                0x8001c324       0xa4 C:/devkitPro/libogc/lib/wii\libogc.a(lwp_heap.o)
                0x8001c324                __lwp_heap_init
 .text.__lwp_heap_allocate
                0x8001c3c8      0x168 C:/devkitPro/libogc/lib/wii\libogc.a(lwp_heap.o)
                0x8001c3c8                __lwp_heap_allocate
 .text.__lwp_heap_free
                0x8001c530      0x188 C:/devkitPro/libogc/lib/wii\libogc.a(lwp_heap.o)
                0x8001c530                __lwp_heap_free
 .text.__SetInterrupts
                0x8001c6b8      0x268 C:/devkitPro/libogc/lib/wii\libogc.a(irq.o)
 .text.c_irqdispatcher
                0x8001c920      0x26c C:/devkitPro/libogc/lib/wii\libogc.a(irq.o)
                0x8001c920                c_irqdispatcher
 .text.__UnmaskIrq
                0x8001cb8c       0x84 C:/devkitPro/libogc/lib/wii\libogc.a(irq.o)
                0x8001cb8c                __UnmaskIrq
 .text.__MaskIrq
                0x8001cc10       0x84 C:/devkitPro/libogc/lib/wii\libogc.a(irq.o)
                0x8001cc10                __MaskIrq
 .text.__irq_init
                0x8001cc94       0x84 C:/devkitPro/libogc/lib/wii\libogc.a(irq.o)
                0x8001cc94                __irq_init
 .text.IRQ_Request
                0x8001cd18       0x50 C:/devkitPro/libogc/lib/wii\libogc.a(irq.o)
                0x8001cd18                IRQ_Request
 .text.IRQ_GetHandler
                0x8001cd68       0x44 C:/devkitPro/libogc/lib/wii\libogc.a(irq.o)
                0x8001cd68                IRQ_GetHandler
 .text.IRQ_Disable
                0x8001cdac       0x1c C:/devkitPro/libogc/lib/wii\libogc.a(irq.o)
                0x8001cdac                IRQ_Disable
 .text.IRQ_Restore
                0x8001cdc8       0x1c C:/devkitPro/libogc/lib/wii\libogc.a(irq.o)
                0x8001cdc8                IRQ_Restore
 .text.__lwp_sema_init
                0x8001cde4       0x14 C:/devkitPro/libogc/lib/wii\libogc.a(semaphore.o)
                0x8001cde4                __lwp_sema_init
 .text.LWP_SemInit
                0x8001cdf8      0x15c C:/devkitPro/libogc/lib/wii\libogc.a(semaphore.o)
                0x8001cdf8                LWP_SemInit
 .text.LWP_SemWait
                0x8001cf54       0xd8 C:/devkitPro/libogc/lib/wii\libogc.a(semaphore.o)
                0x8001cf54                LWP_SemWait
 .text.LWP_SemPost
                0x8001d02c       0x90 C:/devkitPro/libogc/lib/wii\libogc.a(semaphore.o)
                0x8001d02c                LWP_SemPost
 .text.LWP_SemDestroy
                0x8001d0bc       0xd8 C:/devkitPro/libogc/lib/wii\libogc.a(semaphore.o)
                0x8001d0bc                LWP_SemDestroy
 .text.__VISendI2CData.constprop.0.isra.0
                0x8001d194      0x418 C:/devkitPro/libogc/lib/wii\libogc.a(video.o)
 .text.__setFbbRegs.constprop.0
                0x8001d5ac      0x190 C:/devkitPro/libogc/lib/wii\libogc.a(video.o)
 .text.__VISetYUVSEL
                0x8001d73c       0xb8 C:/devkitPro/libogc/lib/wii\libogc.a(video.o)
 .text.__VIClearFramebuffer
                0x8001d7f4       0x48 C:/devkitPro/libogc/lib/wii\libogc.a(video.o)
                0x8001d7f4                __VIClearFramebuffer
 .text.VIDEO_Configure
                0x8001d83c      0x5dc C:/devkitPro/libogc/lib/wii\libogc.a(video.o)
                0x8001d83c                VIDEO_Configure
 .text.VIDEO_WaitVSync
                0x8001de18       0x74 C:/devkitPro/libogc/lib/wii\libogc.a(video.o)
                0x8001de18                VIDEO_WaitVSync
 .text.VIDEO_SetFramebuffer
                0x8001de8c       0xd0 C:/devkitPro/libogc/lib/wii\libogc.a(video.o)
                0x8001de8c                VIDEO_SetFramebuffer
 .text.VIDEO_SetNextFramebuffer
                0x8001df5c       0x70 C:/devkitPro/libogc/lib/wii\libogc.a(video.o)
                0x8001df5c                VIDEO_SetNextFramebuffer
 .text.VIDEO_Flush
                0x8001dfcc       0xf4 C:/devkitPro/libogc/lib/wii\libogc.a(video.o)
                0x8001dfcc                VIDEO_Flush
 .text.VIDEO_SetBlack
                0x8001e0c0      0x15c C:/devkitPro/libogc/lib/wii\libogc.a(video.o)
                0x8001e0c0                VIDEO_SetBlack
 .text.VIDEO_GetCurrentTvMode
                0x8001e21c       0x78 C:/devkitPro/libogc/lib/wii\libogc.a(video.o)
                0x8001e21c                VIDEO_GetCurrentTvMode
 .text.__VIRetraceHandler
                0x8001e294      0x284 C:/devkitPro/libogc/lib/wii\libogc.a(video.o)
 .text.__VISetupEncoder
                0x8001e518      0x288 C:/devkitPro/libogc/lib/wii\libogc.a(video.o)
 .text.VIDEO_Init
                0x8001e7a0      0x3cc C:/devkitPro/libogc/lib/wii\libogc.a(video.o)
                0x8001e7a0                VIDEO_Init
 .text.VIDEO_GetPreferredMode
                0x8001eb6c      0x108 C:/devkitPro/libogc/lib/wii\libogc.a(video.o)
                0x8001eb6c                VIDEO_GetPreferredMode
 .text.VIDEO_GetCurrentLine
                0x8001ec74       0x9c C:/devkitPro/libogc/lib/wii\libogc.a(video.o)
                0x8001ec74                VIDEO_GetCurrentLine
 .text.VIDEO_GetFrameBufferSize
                0x8001ed10       0x34 C:/devkitPro/libogc/lib/wii\libogc.a(video.o)
                0x8001ed10                VIDEO_GetFrameBufferSize
 .text.VIDEO_ClearFrameBuffer
                0x8001ed44       0x78 C:/devkitPro/libogc/lib/wii\libogc.a(video.o)
                0x8001ed44                VIDEO_ClearFrameBuffer
 .text.__call_resetfuncs
                0x8001edbc       0xbc C:/devkitPro/libogc/lib/wii\libogc.a(system.o)
 .text.__MEMInterruptHandler
                0x8001ee78       0x14 C:/devkitPro/libogc/lib/wii\libogc.a(system.o)
 .text.__RSWDefaultHandler
                0x8001ee8c        0x4 C:/devkitPro/libogc/lib/wii\libogc.a(system.o)
 .text.__POWDefaultHandler
                0x8001ee90        0x4 C:/devkitPro/libogc/lib/wii\libogc.a(system.o)
 .text.__getrtc
                0x8001ee94      0x14c C:/devkitPro/libogc/lib/wii\libogc.a(system.o)
 .text.__sram_write
                0x8001efe0      0x144 C:/devkitPro/libogc/lib/wii\libogc.a(system.o)
 .text.__sram_writecallback
                0x8001f124       0x54 C:/devkitPro/libogc/lib/wii\libogc.a(system.o)
 .text.__mem_onreset
                0x8001f178       0x48 C:/devkitPro/libogc/lib/wii\libogc.a(system.o)
 .text.__unlocksram
                0x8001f1c0      0x130 C:/devkitPro/libogc/lib/wii\libogc.a(system.o)
 .text.__sys_alarmhandler
                0x8001f2f0      0x14c C:/devkitPro/libogc/lib/wii\libogc.a(system.o)
 .text.__syscall_malloc_lock
                0x8001f43c        0x4 C:/devkitPro/libogc/lib/wii\libogc.a(system.o)
                0x8001f43c                __syscall_malloc_lock
 .text.__syscall_malloc_unlock
                0x8001f440        0x4 C:/devkitPro/libogc/lib/wii\libogc.a(system.o)
                0x8001f440                __syscall_malloc_unlock
 .text.__SYS_GetRTC
                0x8001f444       0x98 C:/devkitPro/libogc/lib/wii\libogc.a(system.o)
                0x8001f444                __SYS_GetRTC
 .text.__SYS_SetBootTime
                0x8001f4dc       0xf4 C:/devkitPro/libogc/lib/wii\libogc.a(system.o)
                0x8001f4dc                __SYS_SetBootTime
 .text.__SYS_GetIPCBufferLo
                0x8001f5d0        0x8 C:/devkitPro/libogc/lib/wii\libogc.a(system.o)
                0x8001f5d0                __SYS_GetIPCBufferLo
 .text.__SYS_GetIPCBufferHi
                0x8001f5d8        0x8 C:/devkitPro/libogc/lib/wii\libogc.a(system.o)
                0x8001f5d8                __SYS_GetIPCBufferHi
 .text.SYS_DoPowerCB
                0x8001f5e0       0xd0 C:/devkitPro/libogc/lib/wii\libogc.a(system.o)
                0x8001f5e0                SYS_DoPowerCB
 .text.__STMEventHandler
                0x8001f6b0       0xf4 C:/devkitPro/libogc/lib/wii\libogc.a(system.o)
 .text.__SYS_DisablePowerButton
                0x8001f7a4       0x4c C:/devkitPro/libogc/lib/wii\libogc.a(system.o)
                0x8001f7a4                __SYS_DisablePowerButton
 .text.__SYS_PreInit
                0x8001f7f0        0x4 C:/devkitPro/libogc/lib/wii\libogc.a(system.o)
                0x8001f7f0                __SYS_PreInit
 .text.SYS_PreMain
                0x8001f7f4       0x7c C:/devkitPro/libogc/lib/wii\libogc.a(system.o)
                0x8001f7f4                SYS_PreMain
 .text.SYS_ResetButtonDown
                0x8001f870       0x18 C:/devkitPro/libogc/lib/wii\libogc.a(system.o)
                0x8001f870                SYS_ResetButtonDown
 .text.SYS_ResetSystem
                0x8001f888      0x1f8 C:/devkitPro/libogc/lib/wii\libogc.a(system.o)
                0x8001f888                SYS_ResetSystem
 .text.__reload
                0x8001fa80       0x7c C:/devkitPro/libogc/lib/wii\libogc.a(system.o)
                0x8001fa80                __reload
 .text.__syscall_exit
                0x8001fafc       0x84 C:/devkitPro/libogc/lib/wii\libogc.a(system.o)
                0x8001fafc                __syscall_exit
 .text.SYS_RegisterResetFunc
                0x8001fb80       0x78 C:/devkitPro/libogc/lib/wii\libogc.a(system.o)
                0x8001fb80                SYS_RegisterResetFunc
 .text.SYS_SetArena1Lo
                0x8001fbf8       0x38 C:/devkitPro/libogc/lib/wii\libogc.a(system.o)
                0x8001fbf8                SYS_SetArena1Lo
 .text.SYS_GetArena1Lo
                0x8001fc30       0x38 C:/devkitPro/libogc/lib/wii\libogc.a(system.o)
                0x8001fc30                SYS_GetArena1Lo
 .text.SYS_GetArena1Hi
                0x8001fc68       0x38 C:/devkitPro/libogc/lib/wii\libogc.a(system.o)
                0x8001fc68                SYS_GetArena1Hi
 .text.SYS_SetArena2Lo
                0x8001fca0       0x38 C:/devkitPro/libogc/lib/wii\libogc.a(system.o)
                0x8001fca0                SYS_SetArena2Lo
 .text.SYS_GetArena2Lo
                0x8001fcd8       0x38 C:/devkitPro/libogc/lib/wii\libogc.a(system.o)
                0x8001fcd8                SYS_GetArena2Lo
 .text.SYS_SetArena2Hi
                0x8001fd10       0x38 C:/devkitPro/libogc/lib/wii\libogc.a(system.o)
                0x8001fd10                SYS_SetArena2Hi
 .text.SYS_GetArena2Hi
                0x8001fd48       0x38 C:/devkitPro/libogc/lib/wii\libogc.a(system.o)
                0x8001fd48                SYS_GetArena2Hi
 .text.SYS_AllocateFramebuffer
                0x8001fd80       0x28 C:/devkitPro/libogc/lib/wii\libogc.a(system.o)
                0x8001fd80                SYS_AllocateFramebuffer
 .text.SYS_CreateAlarm
                0x8001fda8      0x104 C:/devkitPro/libogc/lib/wii\libogc.a(system.o)
                0x8001fda8                SYS_CreateAlarm
 .text.SYS_SetAlarm
                0x8001feac      0x1e0 C:/devkitPro/libogc/lib/wii\libogc.a(system.o)
                0x8001feac                SYS_SetAlarm
 .text.SYS_SetPeriodicAlarm
                0x8002008c      0x258 C:/devkitPro/libogc/lib/wii\libogc.a(system.o)
                0x8002008c                SYS_SetPeriodicAlarm
 .text.SYS_RemoveAlarm
                0x800202e4      0x10c C:/devkitPro/libogc/lib/wii\libogc.a(system.o)
                0x800202e4                SYS_RemoveAlarm
 .text.SYS_CancelAlarm
                0x800203f0       0xbc C:/devkitPro/libogc/lib/wii\libogc.a(system.o)
                0x800203f0                SYS_CancelAlarm
 .text.SYS_GetWirelessID
                0x800204ac       0x90 C:/devkitPro/libogc/lib/wii\libogc.a(system.o)
                0x800204ac                SYS_GetWirelessID
 .text.SYS_SetWirelessID
                0x8002053c       0x90 C:/devkitPro/libogc/lib/wii\libogc.a(system.o)
                0x8002053c                SYS_SetWirelessID
 .text.SYS_SetGBSMode
                0x800205cc       0xa8 C:/devkitPro/libogc/lib/wii\libogc.a(system.o)
                0x800205cc                SYS_SetGBSMode
 .text.__sram_init
                0x80020674      0x1c0 C:/devkitPro/libogc/lib/wii\libogc.a(system.o)
                0x80020674                __sram_init
 .text.SYS_Init
                0x80020834      0x5b0 C:/devkitPro/libogc/lib/wii\libogc.a(system.o)
                0x80020834                SYS_Init
 .text.SYS_GetHollywoodRevision
                0x80020de4       0x3c C:/devkitPro/libogc/lib/wii\libogc.a(system.o)
                0x80020de4                SYS_GetHollywoodRevision
 .text.SYS_Time
                0x80020e20       0x78 C:/devkitPro/libogc/lib/wii\libogc.a(system.o)
                0x80020e20                SYS_Time
 .text.__lwp_cond_init
                0x80020e98       0x14 C:/devkitPro/libogc/lib/wii\libogc.a(cond.o)
                0x80020e98                __lwp_cond_init
 .text.__decrementer_init
                0x80020eac        0x4 C:/devkitPro/libogc/lib/wii\libogc.a(decrementer.o)
                0x80020eac                __decrementer_init
 .text.c_decrementer_handler
                0x80020eb0        0xc C:/devkitPro/libogc/lib/wii\libogc.a(decrementer.o)
                0x80020eb0                c_decrementer_handler
 .text.__lwp_mqbox_init
                0x80020ebc       0x14 C:/devkitPro/libogc/lib/wii\libogc.a(message.o)
                0x80020ebc                __lwp_mqbox_init
 .text.__si_transfer
                0x80020ed0      0x1d0 C:/devkitPro/libogc/lib/wii\libogc.a(si.o)
 .text.__si_alarmhandler
                0x800210a0       0xa0 C:/devkitPro/libogc/lib/wii\libogc.a(si.o)
 .text.__si_completetransfer
                0x80021140      0x1fc C:/devkitPro/libogc/lib/wii\libogc.a(si.o)
 .text.__si_transfernext
                0x8002133c       0xd8 C:/devkitPro/libogc/lib/wii\libogc.a(si.o)
 .text.SI_Busy  0x80021414       0x18 C:/devkitPro/libogc/lib/wii\libogc.a(si.o)
                0x80021414                SI_Busy
 .text.SI_IsChanBusy
                0x8002142c       0x38 C:/devkitPro/libogc/lib/wii\libogc.a(si.o)
                0x8002142c                SI_IsChanBusy
 .text.SI_SetXY
                0x80021464       0x64 C:/devkitPro/libogc/lib/wii\libogc.a(si.o)
                0x80021464                SI_SetXY
 .text.SI_EnablePolling
                0x800214c8       0x78 C:/devkitPro/libogc/lib/wii\libogc.a(si.o)
                0x800214c8                SI_EnablePolling
 .text.SI_DisablePolling
                0x80021540       0x58 C:/devkitPro/libogc/lib/wii\libogc.a(si.o)
                0x80021540                SI_DisablePolling
 .text.SI_SetSamplingRate
                0x80021598       0xd8 C:/devkitPro/libogc/lib/wii\libogc.a(si.o)
                0x80021598                SI_SetSamplingRate
 .text.SI_RefreshSamplingRate
                0x80021670        0x8 C:/devkitPro/libogc/lib/wii\libogc.a(si.o)
                0x80021670                SI_RefreshSamplingRate
 .text.SI_GetStatus
                0x80021678       0x78 C:/devkitPro/libogc/lib/wii\libogc.a(si.o)
                0x80021678                SI_GetStatus
 .text.SI_GetResponseRaw
                0x800216f0       0xe8 C:/devkitPro/libogc/lib/wii\libogc.a(si.o)
                0x800216f0                SI_GetResponseRaw
 .text.SI_GetResponse
                0x800217d8       0xb8 C:/devkitPro/libogc/lib/wii\libogc.a(si.o)
                0x800217d8                SI_GetResponse
 .text.SI_SetCommand
                0x80021890       0x10 C:/devkitPro/libogc/lib/wii\libogc.a(si.o)
                0x80021890                SI_SetCommand
 .text.SI_Transfer
                0x800218a0      0x29c C:/devkitPro/libogc/lib/wii\libogc.a(si.o)
                0x800218a0                SI_Transfer
 .text.__si_gettypecallback
                0x80021b3c      0x2b8 C:/devkitPro/libogc/lib/wii\libogc.a(si.o)
 .text.__si_interrupthandler
                0x80021df4      0x278 C:/devkitPro/libogc/lib/wii\libogc.a(si.o)
 .text.SI_GetType
                0x8002206c      0x214 C:/devkitPro/libogc/lib/wii\libogc.a(si.o)
                0x8002206c                SI_GetType
 .text.SI_GetTypeAsync
                0x80022280      0x13c C:/devkitPro/libogc/lib/wii\libogc.a(si.o)
                0x80022280                SI_GetTypeAsync
 .text.SI_EnablePollingInterrupt
                0x800223bc       0x8c C:/devkitPro/libogc/lib/wii\libogc.a(si.o)
                0x800223bc                SI_EnablePollingInterrupt
 .text.SI_UnregisterPollingHandler
                0x80022448       0xf4 C:/devkitPro/libogc/lib/wii\libogc.a(si.o)
                0x80022448                SI_UnregisterPollingHandler
 .text.__si_init
                0x8002253c       0xe0 C:/devkitPro/libogc/lib/wii\libogc.a(si.o)
                0x8002253c                __si_init
 .text.__ipc_sendrequest.part.0
                0x8002261c       0xd8 C:/devkitPro/libogc/lib/wii\libogc.a(ipc.o)
 .text.__ipc_syncrequest
                0x800226f4       0xf4 C:/devkitPro/libogc/lib/wii\libogc.a(ipc.o)
 .text.__ioctlvfmtCB
                0x800227e8      0x158 C:/devkitPro/libogc/lib/wii\libogc.a(ipc.o)
 .text.__ios_ioctlvformat_parse
                0x80022940      0x824 C:/devkitPro/libogc/lib/wii\libogc.a(ipc.o)
 .text.__ipc_asyncrequest
                0x80023164      0x144 C:/devkitPro/libogc/lib/wii\libogc.a(ipc.o)
 .text.__ipc_interrupthandler
                0x800232a8      0x384 C:/devkitPro/libogc/lib/wii\libogc.a(ipc.o)
 .text.iosCreateHeap
                0x8002362c      0x138 C:/devkitPro/libogc/lib/wii\libogc.a(ipc.o)
                0x8002362c                iosCreateHeap
 .text.iosAlloc
                0x80023764       0x30 C:/devkitPro/libogc/lib/wii\libogc.a(ipc.o)
                0x80023764                iosAlloc
 .text.iosFree  0x80023794       0x28 C:/devkitPro/libogc/lib/wii\libogc.a(ipc.o)
                0x80023794                iosFree
 .text.__IPC_ClntInit
                0x800237bc       0xc4 C:/devkitPro/libogc/lib/wii\libogc.a(ipc.o)
                0x800237bc                __IPC_ClntInit
 .text.IOS_Open
                0x80023880      0x110 C:/devkitPro/libogc/lib/wii\libogc.a(ipc.o)
                0x80023880                IOS_Open
 .text.IOS_Close
                0x80023990       0xf0 C:/devkitPro/libogc/lib/wii\libogc.a(ipc.o)
                0x80023990                IOS_Close
 .text.IOS_Read
                0x80023a80      0x10c C:/devkitPro/libogc/lib/wii\libogc.a(ipc.o)
                0x80023a80                IOS_Read
 .text.IOS_Write
                0x80023b8c      0x10c C:/devkitPro/libogc/lib/wii\libogc.a(ipc.o)
                0x80023b8c                IOS_Write
 .text.IOS_Ioctl
                0x80023c98      0x158 C:/devkitPro/libogc/lib/wii\libogc.a(ipc.o)
                0x80023c98                IOS_Ioctl
 .text.IOS_IoctlAsync
                0x80023df0      0x148 C:/devkitPro/libogc/lib/wii\libogc.a(ipc.o)
                0x80023df0                IOS_IoctlAsync
 .text.IOS_Ioctlv
                0x80023f38      0x1f0 C:/devkitPro/libogc/lib/wii\libogc.a(ipc.o)
                0x80023f38                IOS_Ioctlv
 .text.IOS_IoctlvAsync
                0x80024128      0x1d4 C:/devkitPro/libogc/lib/wii\libogc.a(ipc.o)
                0x80024128                IOS_IoctlvAsync
 .text.IOS_IoctlvFormat
                0x800242fc      0x170 C:/devkitPro/libogc/lib/wii\libogc.a(ipc.o)
                0x800242fc                IOS_IoctlvFormat
 .text.IOS_IoctlvReboot
                0x8002446c      0x1f4 C:/devkitPro/libogc/lib/wii\libogc.a(ipc.o)
                0x8002446c                IOS_IoctlvReboot
 .text.gettick  0x80024660        0x8 C:/devkitPro/libogc/lib/wii\libogc.a(timesupp.o)
                0x80024660                gettick
 .text.gettime  0x80024668       0x18 C:/devkitPro/libogc/lib/wii\libogc.a(timesupp.o)
                0x80024668                gettime
 .text.settime  0x80024680       0x14 C:/devkitPro/libogc/lib/wii\libogc.a(timesupp.o)
                0x80024680                settime
 .text.diff_usec
                0x80024694       0x90 C:/devkitPro/libogc/lib/wii\libogc.a(timesupp.o)
                0x80024694                diff_usec
 .text.__timesystem_init
                0x80024724       0x1c C:/devkitPro/libogc/lib/wii\libogc.a(timesupp.o)
                0x80024724                __timesystem_init
 .text.udelay   0x80024740       0xb0 C:/devkitPro/libogc/lib/wii\libogc.a(timesupp.o)
                0x80024740                udelay
 .text.__syscall_lock_init
                0x800247f0       0x6c C:/devkitPro/libogc/lib/wii\libogc.a(lock_supp.o)
                0x800247f0                __syscall_lock_init
 .text.__syscall_lock_init_recursive
                0x8002485c       0x6c C:/devkitPro/libogc/lib/wii\libogc.a(lock_supp.o)
                0x8002485c                __syscall_lock_init_recursive
 .text.__syscall_lock_close
                0x800248c8       0x48 C:/devkitPro/libogc/lib/wii\libogc.a(lock_supp.o)
                0x800248c8                __syscall_lock_close
 .text.__syscall_lock_acquire
                0x80024910       0x18 C:/devkitPro/libogc/lib/wii\libogc.a(lock_supp.o)
                0x80024910                __syscall_lock_acquire
 .text.__syscall_lock_release
                0x80024928       0x18 C:/devkitPro/libogc/lib/wii\libogc.a(lock_supp.o)
                0x80024928                __syscall_lock_release
 .text.__usbgecko_exi_unlock
                0x80024940       0x34 C:/devkitPro/libogc/lib/wii\libogc.a(usbgecko.o)
 .text.usb_isgeckoalive
                0x80024974      0x1c4 C:/devkitPro/libogc/lib/wii\libogc.a(usbgecko.o)
                0x80024974                usb_isgeckoalive
 .text.usb_sendbuffer_ex
                0x80024b38      0x214 C:/devkitPro/libogc/lib/wii\libogc.a(usbgecko.o)
                0x80024b38                usb_sendbuffer_ex
 .text.usb_sendbuffer
                0x80024d4c        0x8 C:/devkitPro/libogc/lib/wii\libogc.a(usbgecko.o)
                0x80024d4c                usb_sendbuffer
 .text.usb_sendbuffer_safe_ex
                0x80024d54      0x2ac C:/devkitPro/libogc/lib/wii\libogc.a(usbgecko.o)
                0x80024d54                usb_sendbuffer_safe_ex
 .text.usb_sendbuffer_safe
                0x80025000        0x8 C:/devkitPro/libogc/lib/wii\libogc.a(usbgecko.o)
                0x80025000                usb_sendbuffer_safe
 .text._sbrk_r  0x80025008      0x28c C:/devkitPro/libogc/lib/wii\libogc.a(sbrk.o)
                0x80025008                _sbrk_r
 .text.__memlock_init
                0x80025294       0x7c C:/devkitPro/libogc/lib/wii\libogc.a(malloc_lock.o)
                0x80025294                __memlock_init
 .text.__libogc_malloc_lock
                0x80025310      0x1f8 C:/devkitPro/libogc/lib/wii\libogc.a(malloc_lock.o)
                0x80025310                __libogc_malloc_lock
 .text.__libogc_malloc_unlock
                0x80025508       0x64 C:/devkitPro/libogc/lib/wii\libogc.a(malloc_lock.o)
                0x80025508                __libogc_malloc_unlock
 .text.__STM_SetEventHook
                0x8002556c       0xb0 C:/devkitPro/libogc/lib/wii\libogc.a(stm.o)
                0x8002556c                __STM_SetEventHook
 .text.__STM_Init
                0x8002561c       0x8c C:/devkitPro/libogc/lib/wii\libogc.a(stm.o)
                0x8002561c                __STM_Init
 .text.__STMEventHandler
                0x800256a8       0x64 C:/devkitPro/libogc/lib/wii\libogc.a(stm.o)
 .text.__STM_ReleaseEventHook
                0x8002570c       0x80 C:/devkitPro/libogc/lib/wii\libogc.a(stm.o)
                0x8002570c                __STM_ReleaseEventHook
 .text.__STM_Close
                0x8002578c       0xa8 C:/devkitPro/libogc/lib/wii\libogc.a(stm.o)
                0x8002578c                __STM_Close
 .text.STM_RegisterEventHandler
                0x80025834       0x10 C:/devkitPro/libogc/lib/wii\libogc.a(stm.o)
                0x80025834                STM_RegisterEventHandler
 .text.STM_ShutdownToStandby
                0x80025844       0x50 C:/devkitPro/libogc/lib/wii\libogc.a(stm.o)
                0x80025844                STM_ShutdownToStandby
 .text.STM_ShutdownToIdle
                0x80025894       0xb4 C:/devkitPro/libogc/lib/wii\libogc.a(stm.o)
                0x80025894                STM_ShutdownToIdle
 .text.STM_SetLedMode
                0x80025948       0x40 C:/devkitPro/libogc/lib/wii\libogc.a(stm.o)
                0x80025948                STM_SetLedMode
 .text.STM_RebootSystem
                0x80025988       0x50 C:/devkitPro/libogc/lib/wii\libogc.a(stm.o)
                0x80025988                STM_RebootSystem
 .text.__IOS_InitializeSubsystems
                0x800259d8       0x48 C:/devkitPro/libogc/lib/wii\libogc.a(ios.o)
                0x800259d8                __IOS_InitializeSubsystems
 .text.__IOS_ShutdownSubsystems
                0x80025a20       0x48 C:/devkitPro/libogc/lib/wii\libogc.a(ios.o)
                0x80025a20                __IOS_ShutdownSubsystems
 .text.__IOS_LoadStartupIOS
                0x80025a68        0x8 C:/devkitPro/libogc/lib/wii\libogc.a(ios.o)
                0x80025a68                __IOS_LoadStartupIOS
 .text._ES_fstat_r
                0x80025a70      0x124 C:/devkitPro/libogc/lib/wii\libogc.a(es.o)
 .text._ES_seek_r
                0x80025b94       0xe0 C:/devkitPro/libogc/lib/wii\libogc.a(es.o)
 .text._ES_close_r
                0x80025c74       0xb4 C:/devkitPro/libogc/lib/wii\libogc.a(es.o)
 .text.__ES_Init
                0x80025d28       0x78 C:/devkitPro/libogc/lib/wii\libogc.a(es.o)
                0x80025d28                __ES_Init
 .text.__ES_Close
                0x80025da0       0x54 C:/devkitPro/libogc/lib/wii\libogc.a(es.o)
                0x80025da0                __ES_Close
 .text.ES_GetTitleID
                0x80025df4       0x94 C:/devkitPro/libogc/lib/wii\libogc.a(es.o)
                0x80025df4                ES_GetTitleID
 .text.ES_LaunchTitle
                0x80025e88       0xa4 C:/devkitPro/libogc/lib/wii\libogc.a(es.o)
                0x80025e88                ES_LaunchTitle
 .text.ES_GetNumTicketViews
                0x80025f2c       0x98 C:/devkitPro/libogc/lib/wii\libogc.a(es.o)
                0x80025f2c                ES_GetNumTicketViews
 .text.ES_GetTicketViews
                0x80025fc4       0x8c C:/devkitPro/libogc/lib/wii\libogc.a(es.o)
                0x80025fc4                ES_GetTicketViews
 .text.ES_GetStoredTMD
                0x80026050       0x90 C:/devkitPro/libogc/lib/wii\libogc.a(es.o)
                0x80026050                ES_GetStoredTMD
 .text._ES_decodepath
                0x800260e0      0x410 C:/devkitPro/libogc/lib/wii\libogc.a(es.o)
 .text._ES_stat_r
                0x800264f0       0xf0 C:/devkitPro/libogc/lib/wii\libogc.a(es.o)
 .text._ES_open_r
                0x800265e0      0x1cc C:/devkitPro/libogc/lib/wii\libogc.a(es.o)
 .text.ES_ReadContent
                0x800267ac       0x6c C:/devkitPro/libogc/lib/wii\libogc.a(es.o)
                0x800267ac                ES_ReadContent
 .text._ES_read_r
                0x80026818      0x1a4 C:/devkitPro/libogc/lib/wii\libogc.a(es.o)
 .text.__usbv5_devicechangeCB
                0x800269bc      0x180 C:/devkitPro/libogc/lib/wii\libogc.a(usb.o)
 .text.__usbv5_attachfinishCB
                0x80026b3c       0xcc C:/devkitPro/libogc/lib/wii\libogc.a(usb.o)
 .text.__usbv5_messageCB
                0x80026c08       0x5c C:/devkitPro/libogc/lib/wii\libogc.a(usb.o)
 .text.__usb_control_message
                0x80026c64      0x470 C:/devkitPro/libogc/lib/wii\libogc.a(usb.o)
 .text.__usb_interrupt_bulk_message
                0x800270d4      0x2b4 C:/devkitPro/libogc/lib/wii\libogc.a(usb.o)
 .text.__usbv0_messageCB
                0x80027388       0xa8 C:/devkitPro/libogc/lib/wii\libogc.a(usb.o)
 .text.USB_FreeDescriptors.part.0
                0x80027430      0x108 C:/devkitPro/libogc/lib/wii\libogc.a(usb.o)
 .text.USB_GetDescriptors.part.0
                0x80027538      0x69c C:/devkitPro/libogc/lib/wii\libogc.a(usb.o)
 .text.USBV5_SuspendResume
                0x80027bd4      0x13c C:/devkitPro/libogc/lib/wii\libogc.a(usb.o)
 .text.USBV5_GetDescriptors
                0x80027d10      0x50c C:/devkitPro/libogc/lib/wii\libogc.a(usb.o)
 .text.USB_Deinitialize
                0x8002821c       0xc8 C:/devkitPro/libogc/lib/wii\libogc.a(usb.o)
                0x8002821c                USB_Deinitialize
 .text.USB_Initialize
                0x800282e4      0x31c C:/devkitPro/libogc/lib/wii\libogc.a(usb.o)
                0x800282e4                USB_Initialize
 .text.USB_OpenDevice
                0x80028600      0x2f0 C:/devkitPro/libogc/lib/wii\libogc.a(usb.o)
                0x80028600                USB_OpenDevice
 .text.USBV5_CloseDevice
                0x800288f0      0x128 C:/devkitPro/libogc/lib/wii\libogc.a(usb.o)
                0x800288f0                USBV5_CloseDevice
 .text.USB_CloseDevice
                0x80028a18       0x84 C:/devkitPro/libogc/lib/wii\libogc.a(usb.o)
                0x80028a18                USB_CloseDevice
 .text.USB_ReadIntrMsgAsync
                0x80028a9c       0x28 C:/devkitPro/libogc/lib/wii\libogc.a(usb.o)
                0x80028a9c                USB_ReadIntrMsgAsync
 .text.USB_ReadBlkMsgAsync
                0x80028ac4       0x28 C:/devkitPro/libogc/lib/wii\libogc.a(usb.o)
                0x80028ac4                USB_ReadBlkMsgAsync
 .text.USB_WriteBlkMsgAsync
                0x80028aec       0x28 C:/devkitPro/libogc/lib/wii\libogc.a(usb.o)
                0x80028aec                USB_WriteBlkMsgAsync
 .text.USB_WriteCtrlMsgAsync
                0x80028b14        0x4 C:/devkitPro/libogc/lib/wii\libogc.a(usb.o)
                0x80028b14                USB_WriteCtrlMsgAsync
 .text.__CheckARGV
                0x80028b18       0x80 C:/devkitPro/libogc/lib/wii\libogc.a(argv.o)
                0x80028b18                __CheckARGV
 .text.CONF_Init
                0x80028b98      0x18c C:/devkitPro/libogc/lib/wii\libogc.a(conf.o)
                0x80028b98                CONF_Init
 .text.__CONF_GetTxt
                0x80028d24      0x1d0 C:/devkitPro/libogc/lib/wii\libogc.a(conf.o)
                0x80028d24                __CONF_GetTxt
 .text.__CONF_Find
                0x80028ef4       0xd8 C:/devkitPro/libogc/lib/wii\libogc.a(conf.o)
                0x80028ef4                __CONF_Find
 .text.CONF_GetLength
                0x80028fcc      0x120 C:/devkitPro/libogc/lib/wii\libogc.a(conf.o)
                0x80028fcc                CONF_GetLength
 .text.CONF_Get
                0x800290ec      0x140 C:/devkitPro/libogc/lib/wii\libogc.a(conf.o)
                0x800290ec                CONF_Get
 .text.CONF_Set
                0x8002922c      0x138 C:/devkitPro/libogc/lib/wii\libogc.a(conf.o)
                0x8002922c                CONF_Set
 .text.CONF_SaveChanges
                0x80029364       0xb4 C:/devkitPro/libogc/lib/wii\libogc.a(conf.o)
                0x80029364                CONF_SaveChanges
 .text.CONF_GetShutdownMode
                0x80029418       0x54 C:/devkitPro/libogc/lib/wii\libogc.a(conf.o)
                0x80029418                CONF_GetShutdownMode
 .text.CONF_GetIdleLedMode
                0x8002946c       0x54 C:/devkitPro/libogc/lib/wii\libogc.a(conf.o)
                0x8002946c                CONF_GetIdleLedMode
 .text.CONF_GetProgressiveScan
                0x800294c0       0x54 C:/devkitPro/libogc/lib/wii\libogc.a(conf.o)
                0x800294c0                CONF_GetProgressiveScan
 .text.CONF_GetEuRGB60
                0x80029514       0x54 C:/devkitPro/libogc/lib/wii\libogc.a(conf.o)
                0x80029514                CONF_GetEuRGB60
 .text.CONF_GetIRSensitivity
                0x80029568       0x54 C:/devkitPro/libogc/lib/wii\libogc.a(conf.o)
                0x80029568                CONF_GetIRSensitivity
 .text.CONF_GetSensorBarPosition
                0x800295bc       0x54 C:/devkitPro/libogc/lib/wii\libogc.a(conf.o)
                0x800295bc                CONF_GetSensorBarPosition
 .text.CONF_GetCounterBias
                0x80029610       0x4c C:/devkitPro/libogc/lib/wii\libogc.a(conf.o)
                0x80029610                CONF_GetCounterBias
 .text.CONF_GetDisplayOffsetH
                0x8002965c       0x4c C:/devkitPro/libogc/lib/wii\libogc.a(conf.o)
                0x8002965c                CONF_GetDisplayOffsetH
 .text.CONF_GetPadDevices
                0x800296a8       0x4c C:/devkitPro/libogc/lib/wii\libogc.a(conf.o)
                0x800296a8                CONF_GetPadDevices
 .text.CONF_SetPadDevices
                0x800296f4       0x2c C:/devkitPro/libogc/lib/wii\libogc.a(conf.o)
                0x800296f4                CONF_SetPadDevices
 .text.CONF_GetPadGuestDevices
                0x80029720       0x4c C:/devkitPro/libogc/lib/wii\libogc.a(conf.o)
                0x80029720                CONF_GetPadGuestDevices
 .text.CONF_SetPadGuestDevices
                0x8002976c       0x70 C:/devkitPro/libogc/lib/wii\libogc.a(conf.o)
                0x8002976c                CONF_SetPadGuestDevices
 .text.CONF_GetVideo
                0x800297dc       0x88 C:/devkitPro/libogc/lib/wii\libogc.a(conf.o)
                0x800297dc                CONF_GetVideo
 .text.__WII_WriteNANDBootInfo.isra.0
                0x80029864       0xc0 C:/devkitPro/libogc/lib/wii\libogc.a(wiilaunch.o)
 .text.__WII_WriteStateFlags.isra.0
                0x80029924       0x98 C:/devkitPro/libogc/lib/wii\libogc.a(wiilaunch.o)
 .text.WII_Initialize
                0x800299bc      0x194 C:/devkitPro/libogc/lib/wii\libogc.a(wiilaunch.o)
                0x800299bc                WII_Initialize
 .text.WII_LaunchTitle
                0x80029b50      0x1c0 C:/devkitPro/libogc/lib/wii\libogc.a(wiilaunch.o)
                0x80029b50                WII_LaunchTitle
 .text.WII_ReturnToMenu
                0x80029d10       0x58 C:/devkitPro/libogc/lib/wii\libogc.a(wiilaunch.o)
                0x80029d10                WII_ReturnToMenu
 .text.__lwp_priority_init
                0x80029d68       0x1c C:/devkitPro/libogc/lib/wii\libogc.a(lwp_priority.o)
                0x80029d68                __lwp_priority_init
 .text.__lwp_threadqueue_enqueuefifo
                0x80029d84      0x128 C:/devkitPro/libogc/lib/wii\libogc.a(lwp_threadq.o)
                0x80029d84                __lwp_threadqueue_enqueuefifo
 .text.__lwp_threadqueue_dequeuefifo
                0x80029eac      0x140 C:/devkitPro/libogc/lib/wii\libogc.a(lwp_threadq.o)
                0x80029eac                __lwp_threadqueue_dequeuefifo
 .text.__lwp_threadqueue_enqueuepriority
                0x80029fec      0x344 C:/devkitPro/libogc/lib/wii\libogc.a(lwp_threadq.o)
                0x80029fec                __lwp_threadqueue_enqueuepriority
 .text.__lwp_threadqueue_dequeuepriority
                0x8002a330      0x1d8 C:/devkitPro/libogc/lib/wii\libogc.a(lwp_threadq.o)
                0x8002a330                __lwp_threadqueue_dequeuepriority
 .text.__lwp_threadqueue_init
                0x8002a508       0x64 C:/devkitPro/libogc/lib/wii\libogc.a(lwp_threadq.o)
                0x8002a508                __lwp_threadqueue_init
 .text.__lwp_threadqueue_enqueue
                0x8002a56c      0x138 C:/devkitPro/libogc/lib/wii\libogc.a(lwp_threadq.o)
                0x8002a56c                __lwp_threadqueue_enqueue
 .text.__lwp_threadqueue_dequeue
                0x8002a6a4       0x24 C:/devkitPro/libogc/lib/wii\libogc.a(lwp_threadq.o)
                0x8002a6a4                __lwp_threadqueue_dequeue
 .text.__lwp_threadqueue_flush